Product: MDK-ARM Professional 5.10
Component: ARM Compiler 5.04 update 1 (build 49)
Tool: armlink [5040049]

==============================================================================

Section Cross References

    startup_stm32f40_41xxx.o(STACK) refers (Special) to heapauxi.o(.text) for __use_two_region_memory
    startup_stm32f40_41xxx.o(HEAP) refers (Special) to heapauxi.o(.text) for __use_two_region_memory
    startup_stm32f40_41xxx.o(RESET) refers (Special) to heapauxi.o(.text) for __use_two_region_memory
    startup_stm32f40_41xxx.o(RESET) refers to startup_stm32f40_41xxx.o(STACK) for __initial_sp
    startup_stm32f40_41xxx.o(RESET) refers to startup_stm32f40_41xxx.o(.text) for Reset_Handler
    startup_stm32f40_41xxx.o(RESET) refers to delay.o(i.SysTick_Handler) for SysTick_Handler
    startup_stm32f40_41xxx.o(RESET) refers to timer.o(i.TIM3_IRQHandler) for TIM3_IRQHandler
    startup_stm32f40_41xxx.o(RESET) refers to usmart.o(i.TIM4_IRQHandler) for TIM4_IRQHandler
    startup_stm32f40_41xxx.o(RESET) refers to usart.o(i.USART1_IRQHandler) for USART1_IRQHandler
    startup_stm32f40_41xxx.o(RESET) refers to usart3.o(i.USART3_IRQHandler) for USART3_IRQHandler
    startup_stm32f40_41xxx.o(RESET) refers to timer.o(i.TIM5_IRQHandler) for TIM5_IRQHandler
    startup_stm32f40_41xxx.o(RESET) refers to timer.o(i.TIM7_IRQHandler) for TIM7_IRQHandler
    startup_stm32f40_41xxx.o(.text) refers (Special) to heapauxi.o(.text) for __use_two_region_memory
    startup_stm32f40_41xxx.o(.text) refers to __main.o(!!!main) for __main
    startup_stm32f40_41xxx.o(.text) refers to startup_stm32f40_41xxx.o(HEAP) for Heap_Mem
    startup_stm32f40_41xxx.o(.text) refers to startup_stm32f40_41xxx.o(STACK) for Stack_Mem
    test.o(i.main) refers to sys.o(i.Stm32_Clock_Init) for Stm32_Clock_Init
    test.o(i.main) refers to delay.o(i.delay_init) for delay_init
    test.o(i.main) refers to usart.o(i.uart_init) for uart_init
    test.o(i.main) refers to key.o(i.KEY_Init) for KEY_Init
    test.o(i.main) refers to ili93xx.o(i.LCD_Init) for LCD_Init
    test.o(i.main) refers to delay.o(i.delay_ms) for delay_ms
    test.o(i.main) refers to hc05.o(i.HC05_Init) for HC05_Init
    test.o(i.main) refers to ili93xx.o(i.LCD_ShowString) for LCD_ShowString
    test.o(i.main) refers to motor.o(i.pwm_init) for pwm_init
    test.o(i.main) refers to motor.o(i.car_forward) for car_forward
    test.o(i.main) refers to motor.o(i.car_right_s) for car_right_s
    test.o(i.main) refers to motor.o(i.car_left_s) for car_left_s
    test.o(i.main) refers to motor.o(i.car_right_back) for car_right_back
    test.o(i.main) refers to motor.o(i.car_left_back) for car_left_back
    test.o(i.main) refers to usmart_config.o(.data) for usmart_dev
    test.o(i.main) refers to ili93xx.o(.data) for POINT_COLOR
    test.o(i.main) refers to test.o(.data) for out
    motor.o(i.car_backward) refers to motor.o(i.l_motor_backward) for l_motor_backward
    motor.o(i.car_backward) refers to motor.o(i.r_motor_backward) for r_motor_backward
    motor.o(i.car_forward) refers to motor.o(i.l_motor_forward) for l_motor_forward
    motor.o(i.car_forward) refers to motor.o(i.r_motor_forward) for r_motor_forward
    motor.o(i.car_left) refers to motor.o(i.l_motor_stop) for l_motor_stop
    motor.o(i.car_left) refers to motor.o(i.r_motor_forward) for r_motor_forward
    motor.o(i.car_left_back) refers to motor.o(i.l_motor_backward) for l_motor_backward
    motor.o(i.car_left_back) refers to motor.o(i.r_motor_forward) for r_motor_forward
    motor.o(i.car_left_s) refers to motor.o(i.l_motor_s) for l_motor_s
    motor.o(i.car_left_s) refers to motor.o(i.r_motor_forward) for r_motor_forward
    motor.o(i.car_right) refers to motor.o(i.l_motor_forward) for l_motor_forward
    motor.o(i.car_right) refers to motor.o(i.r_motor_stop) for r_motor_stop
    motor.o(i.car_right_back) refers to motor.o(i.l_motor_forward) for l_motor_forward
    motor.o(i.car_right_back) refers to motor.o(i.r_motor_backward) for r_motor_backward
    motor.o(i.car_right_s) refers to motor.o(i.l_motor_forward) for l_motor_forward
    motor.o(i.car_right_s) refers to motor.o(i.r_motor_s) for r_motor_s
    motor.o(i.car_stop) refers to motor.o(i.l_motor_stop) for l_motor_stop
    motor.o(i.car_stop) refers to motor.o(i.r_motor_stop) for r_motor_stop
    motor.o(i.l_motor_backward) refers to motor.o(i.pwm_start) for pwm_start
    motor.o(i.l_motor_backward) refers to motor.o(i.pwm_stop) for pwm_stop
    motor.o(i.l_motor_forward) refers to motor.o(i.pwm_start) for pwm_start
    motor.o(i.l_motor_forward) refers to motor.o(i.pwm_stop) for pwm_stop
    motor.o(i.l_motor_s) refers to motor.o(i.pwm_s) for pwm_s
    motor.o(i.l_motor_s) refers to motor.o(i.pwm_stop) for pwm_stop
    motor.o(i.l_motor_stop) refers to motor.o(i.pwm_stop) for pwm_stop
    motor.o(i.pwm_init) refers to timer.o(i.TIM10_PWM_Init) for TIM10_PWM_Init
    motor.o(i.pwm_init) refers to timer.o(i.TIM11_PWM_Init) for TIM11_PWM_Init
[...]
    .ARM.Collect$$libinit$$0000000A          0x080002d2   Section        0  libinit2.o(.ARM.Collect$$libinit$$0000000A)
    .ARM.Collect$$libinit$$0000000C          0x080002d2   Section        0  libinit2.o(.ARM.Collect$$libinit$$0000000C)
    .ARM.Collect$$libinit$$0000000D          0x080002d2   Section        6  libinit2.o(.ARM.Collect$$libinit$$0000000D)
    .ARM.Collect$$libinit$$0000000F          0x080002d8   Section        0  libinit2.o(.ARM.Collect$$libinit$$0000000F)
    .ARM.Collect$$libinit$$00000010          0x080002d8   Section       12  libinit2.o(.ARM.Collect$$libinit$$00000010)
    .ARM.Collect$$libinit$$00000011          0x080002e4   Section        0  libinit2.o(.ARM.Collect$$libinit$$00000011)
    .ARM.Collect$$libinit$$00000013          0x080002e4   Section        0  libinit2.o(.ARM.Collect$$libinit$$00000013)
    .ARM.Collect$$libinit$$00000014          0x080002e4   Section       10  libinit2.o(.ARM.Collect$$libinit$$00000014)
    .ARM.Collect$$libinit$$00000015          0x080002ee   Section        0  libinit2.o(.ARM.Collect$$libinit$$00000015)
    .ARM.Collect$$libinit$$00000017          0x080002ee   Section        0  libinit2.o(.ARM.Collect$$libinit$$00000017)
    .ARM.Collect$$libinit$$00000019          0x080002ee   Section        0  libinit2.o(.ARM.Collect$$libinit$$00000019)
    .ARM.Collect$$libinit$$0000001B          0x080002ee   Section        0  libinit2.o(.ARM.Collect$$libinit$$0000001B)
    .ARM.Collect$$libinit$$0000001D          0x080002ee   Section        0  libinit2.o(.ARM.Collect$$libinit$$0000001D)
    .ARM.Collect$$libinit$$0000001F          0x080002ee   Section        0  libinit2.o(.ARM.Collect$$libinit$$0000001F)
    .ARM.Collect$$libinit$$00000021          0x080002ee   Section        0  libinit2.o(.ARM.Collect$$libinit$$00000021)
    .ARM.Collect$$libinit$$00000023          0x080002ee   Section        0  libinit2.o(.ARM.Collect$$libinit$$00000023)
    .ARM.Collect$$libinit$$0000002A          0x080002ee   Section        0  libinit2.o(.ARM.Collect$$libinit$$0000002A)
    .ARM.Collect$$libinit$$0000002C          0x080002ee   Section        0  libinit2.o(.ARM.Collect$$libinit$$0000002C)
    .ARM.Collect$$libinit$$0000002E          0x080002ee   Section        0  libinit2.o(.ARM.Collect$$libinit$$0000002E)
    .ARM.Collect$$libinit$$00000030          0x080002ee   Section        0  libinit2.o(.ARM.Collect$$libinit$$00000030)
    .ARM.Collect$$libinit$$00000031          0x080002ee   Section        2  libinit2.o(.ARM.Collect$$libinit$$00000031)
    .ARM.Collect$$libshutdown$$00000000      0x080002f0   Section        2  libshutdown.o(.ARM.Collect$$libshutdown$$00000000)
    .ARM.Collect$$libshutdown$$00000003      0x080002f2   Section        0  libshutdown2.o(.ARM.Collect$$libshutdown$$00000003)
    .ARM.Collect$$libshutdown$$00000006      0x080002f2   Section        0  libshutdown2.o(.ARM.Collect$$libshutdown$$00000006)
    .ARM.Collect$$libshutdown$$00000009      0x080002f2   Section        0  libshutdown2.o(.ARM.Collect$$libshutdown$$00000009)
    .ARM.Collect$$libshutdown$$0000000B      0x080002f2   Section        0  libshutdown2.o(.ARM.Collect$$libshutdown$$0000000B)
    .ARM.Collect$$libshutdown$$0000000E      0x080002f2   Section        0  libshutdown2.o(.ARM.Collect$$libshutdown$$0000000E)
    .ARM.Collect$$libshutdown$$0000000F      0x080002f2   Section        2  libshutdown2.o(.ARM.Collect$$libshutdown$$0000000F)
    .ARM.Collect$$rtentry$$00000000          0x080002f4   Section        0  rtentry.o(.ARM.Collect$$rtentry$$00000000)
    .ARM.Collect$$rtentry$$00000002          0x080002f4   Section        0  rtentry2.o(.ARM.Collect$$rtentry$$00000002)
    .ARM.Collect$$rtentry$$00000004          0x080002f4   Section        6  rtentry4.o(.ARM.Collect$$rtentry$$00000004)
    .ARM.Collect$$rtentry$$00000009          0x080002fa   Section        0  rtentry2.o(.ARM.Collect$$rtentry$$00000009)
    .ARM.Collect$$rtentry$$0000000A          0x080002fa   Section        4  rtentry2.o(.ARM.Collect$$rtentry$$0000000A)
    .ARM.Collect$$rtentry$$0000000C          0x080002fe   Section        0  rtentry2.o(.ARM.Collect$$rtentry$$0000000C)
    .ARM.Collect$$rtentry$$0000000D          0x080002fe   Section        8  rtentry2.o(.ARM.Collect$$rtentry$$0000000D)
    .ARM.Collect$$rtexit$$00000000           0x08000306   Section        2  rtexit.o(.ARM.Collect$$rtexit$$00000000)
    .ARM.Collect$$rtexit$$00000002           0x08000308   Section        0  rtexit2.o(.ARM.Collect$$rtexit$$00000002)
    .ARM.Collect$$rtexit$$00000003           0x08000308   Section        4  rtexit2.o(.ARM.Collect$$rtexit$$00000003)
    .ARM.Collect$$rtexit$$00000004           0x0800030c   Section        6  rtexit2.o(.ARM.Collect$$rtexit$$00000004)
    .text                                    0x08000314   Section       68  startup_stm32f40_41xxx.o(.text)
    $v0                                      0x08000314   Number         0  startup_stm32f40_41xxx.o(.text)
    .text                                    0x08000358   Section        2  use_no_semi_2.o(.text)
    .text                                    0x0800035c   Section        0  c89vsprintf.o(.text)
    .text                                    0x08000380   Section        0  __2printf.o(.text)
    .text                                    0x08000398   Section        0  _printf_pad.o(.text)
    .text                                    0x080003e6   Section        0  _printf_str.o(.text)
    .text                                    0x08000438   Section        0  _printf_dec.o(.text)
    .text                                    0x080004ac   Section        0  _printf_hex_int_ll_ptr.o(.text)
    _printf_hex_common                       0x080004ad   Thumb Code     0  _printf_hex_int_ll_ptr.o(.text)
    .text                                    0x08000540   Section        0  __printf_flags_ss_wp.o(.text)
    .text                                    0x080006c8   Section        0  strlen.o(.text)
    .text                                    0x08000706   Section        0  heapauxi.o(.text)
    .text                                    0x0800070c   Section        2  use_no_semi.o(.text)
    .text                                    0x0800070e   Section        0  _printf_truncate.o(.text)
    .text                                    0x08000732   Section        0  _printf_intcommon.o(.text)
    .text                                    0x080007e4   Section        0  _printf_charcount.o(.text)
    .text                                    0x0800080c   Section        0  _printf_char_common.o(.text)
    _printf_input_char                       0x0800080d   Thumb Code    10  _printf_char_common.o(.text)
    .text                                    0x0800083c   Section        0  _sputc.o(.text)
    .text                                    0x08000846   Section        0  _printf_char.o(.text)
    .text                                    0x08000874   Section        0  _printf_char_file.o(.text)
    .text                                    0x08000898   Section        0  _printf_wctomb.o(.text)
    .text                                    0x08000954   Section        0  _printf_longlong_dec.o(.text)
    .text                                    0x080009cc   Section        0  _printf_oct_int_ll.o(.text)
    _printf_longlong_oct_internal            0x080009cd   Thumb Code     0  _printf_oct_int_ll.o(.text)
    .text                                    0x08000a3c   Section      138  lludiv10.o(.text)
    .text                                    0x08000ac6   Section        0  _printf_fp_dec.o(.text)
    _fp_digits                               0x08000ac9   Thumb Code   428  _printf_fp_dec.o(.text)
    .text                                    0x08000edc   Section        0  _printf_wchar.o(.text)
    .text                                    0x08000f08   Section        0  ferror.o(.text)
    .text                                    0x08000f10   Section        0  _wcrtomb.o(.text)
    .text                                    0x08000f50   Section       74  sys_stackheap_outer.o(.text)
    .text                                    0x08000f9c   Section       16  rt_ctype_table.o(.text)
    .text                                    0x08000fac   Section        8  rt_locale_intlibspace.o(.text)
    .text                                    0x08000fb4   Section        0  _printf_fp_infnan.o(.text)
    .text                                    0x08001034   Section        0  bigflt0.o(.text)
    .text                                    0x0800110c   Section        0  exit.o(.text)
    .text                                    0x08001118   Section        8  libspace.o(.text)
    .text                                    0x08001120   Section      128  strcmpv7m.o(.text)
    CL$$btod_d2e                             0x080011a0   Section       62  btod.o(CL$$btod_d2e)
    CL$$btod_d2e_denorm_low                  0x080011de   Section       70  btod.o(CL$$btod_d2e_denorm_low)
    CL$$btod_d2e_norm_op1                    0x08001224   Section       96  btod.o(CL$$btod_d2e_norm_op1)
    CL$$btod_div_common                      0x08001284   Section      824  btod.o(CL$$btod_div_common)
    CL$$btod_e2e                             0x080015bc   Section      198  btod.o(CL$$btod_e2e)
    CL$$btod_ediv                            0x08001682   Section       40  btod.o(CL$$btod_ediv)
    CL$$btod_emul                            0x080016aa   Section       40  btod.o(CL$$btod_emul)
    CL$$btod_mult_common                     0x080016d2   Section      580  btod.o(CL$$btod_mult_common)
    i.GPIO_AF_Set                            0x08001916   Section        0  sys.o(i.GPIO_AF_Set)
    i.GPIO_Set                               0x08001956   Section        0  sys.o(i.GPIO_Set)
    i.HC05_Init                              0x08001a34   Section        0  hc05.o(i.HC05_Init)
    i.KEY_Init                               0x08001acc   Section        0  key.o(i.KEY_Init)
    i.LCD_Clear                              0x08001b1c   Section        0  ili93xx.o(i.LCD_Clear)
    i.LCD_Display_Dir                        0x08001b88   Section        0  ili93xx.o(i.LCD_Display_Dir)
    i.LCD_Fast_DrawPoint                     0x08001cf8   Section        0  ili93xx.o(i.LCD_Fast_DrawPoint)
    i.LCD_Init                               0x08001e18   Section        0  ili93xx.o(i.LCD_Init)
    i.LCD_RD_DATA                            0x0800556c   Section        0  ili93xx.o(i.LCD_RD_DATA)
    i.LCD_ReadReg                            0x08005580   Section        0  ili93xx.o(i.LCD_ReadReg)
    i.LCD_Scan_Dir                           0x08005598   Section        0  ili93xx.o(i.LCD_Scan_Dir)
    i.LCD_SetCursor                          0x08005844   Section        0  ili93xx.o(i.LCD_SetCursor)
    i.LCD_ShowChar                           0x08005950   Section        0  ili93xx.o(i.LCD_ShowChar)
    i.LCD_ShowString                         0x08005a78   Section        0  ili93xx.o(i.LCD_ShowString)
    i.LCD_WR_DATA                            0x08005ae0   Section        0  ili93xx.o(i.LCD_WR_DATA)
    i.LCD_WR_REG                             0x08005af8   Section        0  ili93xx.o(i.LCD_WR_REG)
    i.LCD_WriteRAM_Prepare                   0x08005b10   Section        0  ili93xx.o(i.LCD_WriteRAM_Prepare)
    i.LCD_WriteReg                           0x08005b24   Section        0  ili93xx.o(i.LCD_WriteReg)
    i.MY_NVIC_Init                           0x08005b40   Section        0  sys.o(i.MY_NVIC_Init)
    i.MY_NVIC_PriorityGroupConfig            0x08005bb8   Section        0  sys.o(i.MY_NVIC_PriorityGroupConfig)
    i.MY_NVIC_SetVectorTable                 0x08005be0   Section        0  sys.o(i.MY_NVIC_SetVectorTable)
    i.Stm32_Clock_Init                       0x08005bf0   Section        0  sys.o(i.Stm32_Clock_Init)
    i.SysTick_Handler                        0x08005c58   Section        0  delay.o(i.SysTick_Handler)
    i.Sys_Clock_Set                          0x08005c68   Section        0  sys.o(i.Sys_Clock_Set)
    i.TIM10_PWM_Init                         0x08005d74   Section        0  timer.o(i.TIM10_PWM_Init)
    i.TIM11_PWM_Init                         0x08005e20   Section        0  timer.o(i.TIM11_PWM_Init)
    i.TIM13_PWM_Init                         0x08005ecc   Section        0  timer.o(i.TIM13_PWM_Init)
    i.TIM14_PWM_Init                         0x08005f78   Section        0  timer.o(i.TIM14_PWM_Init)
    i.TIM3_IRQHandler                        0x0800600c   Section        0  timer.o(i.TIM3_IRQHandler)
    i.TIM4_IRQHandler                        0x0800603c   Section        0  usmart.o(i.TIM4_IRQHandler)
    i.TIM5_IRQHandler                        0x08006078   Section        0  timer.o(i.TIM5_IRQHandler)
    i.TIM7_IRQHandler                        0x0800615c   Section        0  timer.o(i.TIM7_IRQHandler)
    i.TIM7_Int_Init                          0x08006188   Section        0  timer.o(i.TIM7_Int_Init)
    i.Timer4_Init                            0x080061e0   Section        0  usmart.o(i.Timer4_Init)
    i.USART1_IRQHandler                      0x08006230   Section        0  usart.o(i.USART1_IRQHandler)
    i.USART3_IRQHandler                      0x080062b0   Section        0  usart3.o(i.USART3_IRQHandler)
    i.__ARM_fpclassify                       0x080062d0   Section        0  fpclassify.o(i.__ARM_fpclassify)
    i._is_digit                              0x08006300   Section        0  __printf_wp.o(i._is_digit)
    i._sys_exit                              0x0800630e   Section        0  usart.o(i._sys_exit)
    i.car_forward                            0x08006314   Section        0  motor.o(i.car_forward)
    i.car_left_back                          0x08006320   Section        0  motor.o(i.car_left_back)
    i.car_left_s                             0x0800632e   Section        0  motor.o(i.car_left_s)
    i.car_right_back                         0x0800633e   Section        0  motor.o(i.car_right_back)
    i.car_right_s                            0x0800634c   Section        0  motor.o(i.car_right_s)
    i.delay_init                             0x0800635c   Section        0  delay.o(i.delay_init)
    i.delay_ms                               0x080063ac   Section        0  delay.o(i.delay_ms)
    i.delay_us                               0x080063c0   Section        0  delay.o(i.delay_us)
    i.fputc                                  0x08006410   Section        0  usart.o(i.fputc)
    i.l_motor_backward                       0x0800642c   Section        0  motor.o(i.l_motor_backward)
    i.l_motor_forward                        0x0800643c   Section        0  motor.o(i.l_motor_forward)
    i.l_motor_s                              0x0800644c   Section        0  motor.o(i.l_motor_s)
    i.main                                   0x08006460   Section        0  test.o(i.main)
    i.pwm_init                               0x08006638   Section        0  motor.o(i.pwm_init)
    i.pwm_s                                  0x08006668   Section        0  motor.o(i.pwm_s)
    i.pwm_start                              0x08006678   Section        0  motor.o(i.pwm_start)
    i.pwm_stop                               0x08006688   Section        0  motor.o(i.pwm_stop)
    i.r_motor_backward                       0x080066a0   Section        0  motor.o(i.r_motor_backward)
    i.r_motor_forward                        0x080066b0   Section        0  motor.o(i.r_motor_forward)
    i.r_motor_s                              0x080066c0   Section        0  motor.o(i.r_motor_s)
    i.read_addr                              0x080066d4   Section        0  usmart.o(i.read_addr)
    i.u3_printf                              0x080066dc   Section        0  usart3.o(i.u3_printf)
    i.uart_init                              0x0800672c   Section        0  usart.o(i.uart_init)
    i.usart3_init                            0x0800682c   Section        0  usart3.o(i.usart3_init)
    i.usmart_cmd_rec                         0x08006940   Section        0  usmart.o(i.usmart_cmd_rec)
    i.usmart_exe                             0x080069f0   Section        0  usmart.o(i.usmart_exe)
    i.usmart_get_aparm                       0x08006cc4   Section        0  usmart_str.o(i.usmart_get_aparm)
    i.usmart_get_cmdname                     0x08006d98   Section        0  usmart_str.o(i.usmart_get_cmdname)
    i.usmart_get_fname                       0x08006dd0   Section        0  usmart_str.o(i.usmart_get_fname)
    i.usmart_get_fparam                      0x08006f90   Section        0  usmart_str.o(i.usmart_get_fparam)
    i.usmart_get_parmpos                     0x0800709c   Section        0  usmart_str.o(i.usmart_get_parmpos)
    i.usmart_get_runtime                     0x080070bc   Section        0  usmart.o(i.usmart_get_runtime)
    i.usmart_init                            0x080070fc   Section        0  usmart.o(i.usmart_init)
    i.usmart_pow                             0x08007124   Section        0  usmart_str.o(i.usmart_pow)
    i.usmart_reset_runtime                   0x0800713c   Section        0  usmart.o(i.usmart_reset_runtime)
    i.usmart_scan                            0x0800716c   Section        0  usmart.o(i.usmart_scan)
    i.usmart_search_nextc                    0x08007228   Section        0  usmart_str.o(i.usmart_search_nextc)
    i.usmart_str2num                         0x0800723e   Section        0  usmart_str.o(i.usmart_str2num)
    i.usmart_strcmp                          0x08007344   Section        0  usmart_str.o(i.usmart_strcmp)
    i.usmart_strcopy                         0x08007366   Section        0  usmart_str.o(i.usmart_strcopy)
    i.usmart_strlen                          0x0800737c   Section        0  usmart_str.o(i.usmart_strlen)
    i.usmart_sys_cmd_exe                     0x08007394   Section        0  usmart.o(i.usmart_sys_cmd_exe)
    i.write_addr                             0x08007a88   Section        0  usmart.o(i.write_addr)
    locale$$code                             0x08007a8c   Section       44  lc_numeric_c.o(locale$$code)
    locale$$code                             0x08007ab8   Section       44  lc_ctype_c.o(locale$$code)
    x$fpl$fpinit                             0x08007ae4   Section       10  fpinit.o(x$fpl$fpinit)
    $v0                                      0x08007ae4   Number         0  fpinit.o(x$fpl$fpinit)
    x$fpl$printf1                            0x08007aee   Section        4  printf1.o(x$fpl$printf1)
    $v0                                      0x08007aee   Number         0  printf1.o(x$fpl$printf1)
    .constdata                               0x08007af2   Section     6080  ili93xx.o(.constdata)
    x$fpl$usenofp                            0x08007af2   Section        0  usenofp.o(x$fpl$usenofp)
    .constdata                               0x080092b2   Section       40  _printf_hex_int_ll_ptr.o(.constdata)
    uc_hextab                                0x080092b2   Data          20  _printf_hex_int_ll_ptr.o(.constdata)
    lc_hextab                                0x080092c6   Data          20  _printf_hex_int_ll_ptr.o(.constdata)
    .constdata                               0x080092da   Section       17  __printf_flags_ss_wp.o(.constdata)
    maptable                                 0x080092da   Data          17  __printf_flags_ss_wp.o(.constdata)
    .constdata                               0x080092ec   Section        8  _printf_wctomb.o(.constdata)
    initial_mbstate                          0x080092ec   Data           8  _printf_wctomb.o(.constdata)
    .constdata                               0x080092f4   Section      148  bigflt0.o(.constdata)
    tenpwrs_x                                0x080092f4   Data          60  bigflt0.o(.constdata)
    tenpwrs_i                                0x08009330   Data          64  bigflt0.o(.constdata)
    .conststring                             0x08009388   Section       40  usmart.o(.conststring)
    .conststring                             0x080093b0   Section       60  usmart_config.o(.conststring)
    locale$$data                             0x0800940c   Section       28  lc_numeric_c.o(locale$$data)
    __lcnum_c_name                           0x08009410   Data           2  lc_numeric_c.o(locale$$data)
    __lcnum_c_start                          0x08009418   Data           0  lc_numeric_c.o(locale$$data)
    __lcnum_c_point                          0x08009424   Data           0  lc_numeric_c.o(locale$$data)
    __lcnum_c_thousands                      0x08009426   Data           0  lc_numeric_c.o(locale$$data)
    __lcnum_c_grouping                       0x08009427   Data           0  lc_numeric_c.o(locale$$data)
    locale$$data                             0x08009428   Section      272  lc_ctype_c.o(locale$$data)
    __lcnum_c_end                            0x08009428   Data           0  lc_numeric_c.o(locale$$data)
    __lcctype_c_name                         0x0800942c   Data           2  lc_ctype_c.o(locale$$data)
    __lcctype_c_start                        0x08009434   Data           0  lc_ctype_c.o(locale$$data)
    __lcctype_c_end                          0x08009538   Data           0  lc_ctype_c.o(locale$$data)
    .data                                    0x20000000   Section        4  test.o(.data)
    .data                                    0x20000004   Section       20  motor.o(.data)
    .data                                    0x20000018   Section        8  delay.o(.data)
    fac_us                                   0x20000018   Data           1  delay.o(.data)
    .data                                    0x20000020   Section        6  usart.o(.data)
    .data                                    0x20000026   Section        4  ili93xx.o(.data)
    .data                                    0x2000002c   Section        8  timer.o(.data)
    .data                                    0x20000034   Section        1  usart3.o(.data)
    .data                                    0x20000038   Section       28  usmart.o(.data)
    .data                                    0x20000054   Section      260  usmart_config.o(.data)
    .bss                                     0x20000158   Section      200  usart.o(.bss)
    .bss                                     0x20000220   Section       14  ili93xx.o(.bss)
    .bss                                     0x20000230   Section      400  usart3.o(.bss)
    .bss                                     0x200003c0   Section       96  libspace.o(.bss)
    HEAP                                     0x20000420   Section        0  startup_stm32f40_41xxx.o(HEAP)
    STACK                                    0x20000420   Section     1024  startup_stm32f40_41xxx.o(STACK)
    Heap_Mem                                 0x20000420   Data           0  startup_stm32f40_41xxx.o(HEAP)
    Stack_Mem                                0x20000420   Data        1024  startup_stm32f40_41xxx.o(STACK)
    __initial_sp                             0x20000820   Data           0  startup_stm32f40_41xxx.o(STACK)

    Global Symbols

    Symbol Name                              Value     Ov Type        Size  Object(Section)

    BuildAttributes$$THM_ISAv4$E$P$D$K$B$S$7EM$VFPi3$EXTD16$VFPS$VFMA$PE$A:L22UL41UL21$X:L11$S22US41US21$IEEE1$IW$USESV6$~STKCKD$USESV7$~SHL$OTIME$ROPI$IEEEJ$EBA8$UX$STANDARDLIB$REQ8$PRES8$EABIv2 0x00000000   Number         0  anon$$obj.o ABSOLUTE
    __ARM_use_no_argv                        0x00000000   Number         0  test.o ABSOLUTE
    _printf_flags                            0x00000000   Number         0  printf_stubs.o ABSOLUTE
    _printf_return_value                     0x00000000   Number         0  printf_stubs.o ABSOLUTE
    _printf_sizespec                         0x00000000   Number         0  printf_stubs.o ABSOLUTE
    _printf_widthprec                        0x00000000   Number         0  printf_stubs.o ABSOLUTE
    __ARM_exceptions_init                     - Undefined Weak Reference
    __alloca_initialize                       - Undefined Weak Reference
    __cpp_initialize__aeabi_                  - Undefined Weak Reference
    __cxa_finalize                            - Undefined Weak Reference
    __sigvec_lookup                           - Undefined Weak Reference
    _atexit_init                              - Undefined Weak Reference
    _call_atexit_fns                          - Undefined Weak Reference
    _clock_init                               - Undefined Weak Reference
    _fp_trap_init                             - Undefined Weak Reference
    _fp_trap_shutdown                         - Undefined Weak Reference
    _get_lc_collate                           - Undefined Weak Reference
    _get_lc_monetary                          - Undefined Weak Reference
    _get_lc_time                              - Undefined Weak Reference
    _getenv_init                              - Undefined Weak Reference
    _handle_redirection                       - Undefined Weak Reference
    _init_alloc                               - Undefined Weak Reference
    _init_user_alloc                          - Undefined Weak Reference
    _initio                                   - Undefined Weak Reference
    _mutex_acquire                            - Undefined Weak Reference
    _mutex_release                            - Undefined Weak Reference
    _printf_fp_hex                            - Undefined Weak Reference
    _printf_mbtowc                            - Undefined Weak Reference
    _printf_wc                                - Undefined Weak Reference
    _rand_init                                - Undefined Weak Reference
    _signal_finish                            - Undefined Weak Reference
    _signal_init                              - Undefined Weak Reference
    _terminate_alloc                          - Undefined Weak Reference
    _terminate_user_alloc                     - Undefined Weak Reference
    _terminateio                              - Undefined Weak Reference
    __Vectors_Size                           0x00000188   Number         0  startup_stm32f40_41xxx.o ABSOLUTE
    __Vectors                                0x08000000   Data           4  startup_stm32f40_41xxx.o(RESET)
    __Vectors_End                            0x08000188   Data           0  startup_stm32f40_41xxx.o(RESET)
    __main                                   0x08000189   Thumb Code     8  __main.o(!!!main)
    __scatterload                            0x08000191   Thumb Code     0  __scatter.o(!!!scatter)
    __scatterload_rt2                        0x08000191   Thumb Code    44  __scatter.o(!!!scatter)
    __scatterload_rt2_thumb_only             0x08000191   Thumb Code     0  __scatter.o(!!!scatter)
    __scatterload_null                       0x0800019f   Thumb Code     0  __scatter.o(!!!scatter)
    __decompress                             0x080001c5   Thumb Code    90  __dczerorl2.o(!!dczerorl2)
    __decompress1                            0x080001c5   Thumb Code     0  __dczerorl2.o(!!dczerorl2)
    __scatterload_zeroinit                   0x08000221   Thumb Code    28  __scatter_zi.o(!!handler_zi)
    _printf_n                                0x0800023d   Thumb Code     0  _printf_n.o(.ARM.Collect$$_printf_percent$$00000001)
    _printf_percent                          0x0800023d   Thumb Code     0  _printf_percent.o(.ARM.Collect$$_printf_percent$$00000000)
    _printf_p                                0x08000243   Thumb Code     0  _printf_p.o(.ARM.Collect$$_printf_percent$$00000002)
    _printf_f                                0x08000249   Thumb Code     0  _printf_f.o(.ARM.Collect$$_printf_percent$$00000003)
    _printf_e                                0x0800024f   Thumb Code     0  _printf_e.o(.ARM.Collect$$_printf_percent$$00000004)
    _printf_g                                0x08000255   Thumb Code     0  _printf_g.o(.ARM.Collect$$_printf_percent$$00000005)
    _printf_a                                0x0800025b   Thumb Code     0  _printf_a.o(.ARM.Collect$$_printf_percent$$00000006)
    _printf_ll                               0x08000261   Thumb Code     0  _printf_ll.o(.ARM.Collect$$_printf_percent$$00000007)
    _printf_i                                0x0800026b   Thumb Code     0  _printf_i.o(.ARM.Collect$$_printf_percent$$00000008)
    _printf_d                                0x08000271   Thumb Code     0  _printf_d.o(.ARM.Collect$$_printf_percent$$00000009)
    _printf_u                                0x08000277   Thumb Code     0  _printf_u.o(.ARM.Collect$$_printf_percent$$0000000A)
    _printf_o                                0x0800027d   Thumb Code     0  _printf_o.o(.ARM.Collect$$_printf_percent$$0000000B)
    _printf_x                                0x08000283   Thumb Code     0  _printf_x.o(.ARM.Collect$$_printf_percent$$0000000C)
    _printf_lli                              0x08000289   Thumb Code     0  _printf_lli.o(.ARM.Collect$$_printf_percent$$0000000D)
    _printf_lld                              0x0800028f   Thumb Code     0  _printf_lld.o(.ARM.Collect$$_printf_percent$$0000000E)
    _printf_llu                              0x08000295   Thumb Code     0  _printf_llu.o(.ARM.Collect$$_printf_percent$$0000000F)
    _printf_llo                              0x0800029b   Thumb Code     0  _printf_llo.o(.ARM.Collect$$_printf_percent$$00000010)
    _printf_llx                              0x080002a1   Thumb Code     0  _printf_llx.o(.ARM.Collect$$_printf_percent$$00000011)
    _printf_l                                0x080002a7   Thumb Code     0  _printf_l.o(.ARM.Collect$$_printf_percent$$00000012)
    _printf_c                                0x080002b1   Thumb Code     0  _printf_c.o(.ARM.Collect$$_printf_percent$$00000013)
    _printf_s                                0x080002b7   Thumb Code     0  _printf_s.o(.ARM.Collect$$_printf_percent$$00000014)
    _printf_lc                               0x080002bd   Thumb Code     0  _printf_lc.o(.ARM.Collect$$_printf_percent$$00000015)
    _printf_ls                               0x080002c3   Thumb Code     0  _printf_ls.o(.ARM.Collect$$_printf_percent$$00000016)
    _printf_percent_end                      0x080002c9   Thumb Code     0  _printf_percent_end.o(.ARM.Collect$$_printf_percent$$00000017)
    __rt_lib_init                            0x080002cd   Thumb Code     0  libinit.o(.ARM.Collect$$libinit$$00000000)
    __rt_lib_init_fp_1                       0x080002cf   Thumb Code     0  libinit2.o(.ARM.Collect$$libinit$$00000001)
    __rt_lib_init_heap_1                     0x080002d3   Thumb Code     0  libinit2.o(.ARM.Collect$$libinit$$00000008)
    __rt_lib_init_lc_common                  0x080002d3   Thumb Code     0  libinit2.o(.ARM.Collect$$libinit$$0000000D)
    __rt_lib_init_rand_1                     0x080002d3   Thumb Code     0  libinit2.o(.ARM.Collect$$libinit$$0000000C)
    __rt_lib_init_user_alloc_1               0x080002d3   Thumb Code     0  libinit2.o(.ARM.Collect$$libinit$$0000000A)
    __rt_lib_init_lc_collate_1               0x080002d9   Thumb Code     0  libinit2.o(.ARM.Collect$$libinit$$0000000F)
    __rt_lib_init_lc_ctype_2                 0x080002d9   Thumb Code     0  libinit2.o(.ARM.Collect$$libinit$$00000010)
    __rt_lib_init_lc_ctype_1                 0x080002e5   Thumb Code     0  libinit2.o(.ARM.Collect$$libinit$$00000011)
    __rt_lib_init_lc_monetary_1              0x080002e5   Thumb Code     0  libinit2.o(.ARM.Collect$$libinit$$00000013)
    __rt_lib_init_lc_numeric_2               0x080002e5   Thumb Code     0  libinit2.o(.ARM.Collect$$libinit$$00000014)
    __rt_lib_init_alloca_1                   0x080002ef   Thumb Code     0  libinit2.o(.ARM.Collect$$libinit$$0000002C)
    __rt_lib_init_argv_1                     0x080002ef   Thumb Code     0  libinit2.o(.ARM.Collect$$libinit$$0000002A)
    __rt_lib_init_atexit_1                   0x080002ef   Thumb Code     0  libinit2.o(.ARM.Collect$$libinit$$00000019)
    __rt_lib_init_clock_1                    0x080002ef   Thumb Code     0  libinit2.o(.ARM.Collect$$libinit$$0000001F)
    __rt_lib_init_cpp_1                      0x080002ef   Thumb Code     0  libinit2.o(.ARM.Collect$$libinit$$00000030)
    __rt_lib_init_exceptions_1               0x080002ef   Thumb Code     0  libinit2.o(.ARM.Collect$$libinit$$0000002E)
    __rt_lib_init_fp_trap_1                  0x080002ef   Thumb Code     0  libinit2.o(.ARM.Collect$$libinit$$0000001D)
    __rt_lib_init_getenv_1                   0x080002ef   Thumb Code     0  libinit2.o(.ARM.Collect$$libinit$$00000021)
    __rt_lib_init_lc_numeric_1               0x080002ef   Thumb Code     0  libinit2.o(.ARM.Collect$$libinit$$00000015)
    __rt_lib_init_lc_time_1                  0x080002ef   Thumb Code     0  libinit2.o(.ARM.Collect$$libinit$$00000017)
    __rt_lib_init_return                     0x080002ef   Thumb Code     0  libinit2.o(.ARM.Collect$$libinit$$00000031)
    __rt_lib_init_signal_1                   0x080002ef   Thumb Code     0  libinit2.o(.ARM.Collect$$libinit$$0000001B)
    __rt_lib_init_stdio_1                    0x080002ef   Thumb Code     0  libinit2.o(.ARM.Collect$$libinit$$00000023)
    __rt_lib_shutdown                        0x080002f1   Thumb Code     0  libshutdown.o(.ARM.Collect$$libshutdown$$00000000)
    __rt_lib_shutdown_fp_trap_1              0x080002f3   Thumb Code     0  libshutdown2.o(.ARM.Collect$$libshutdown$$00000006)
    __rt_lib_shutdown_heap_1                 0x080002f3   Thumb Code     0  libshutdown2.o(.ARM.Collect$$libshutdown$$0000000E)
    __rt_lib_shutdown_return                 0x080002f3   Thumb Code     0  libshutdown2.o(.ARM.Collect$$libshutdown$$0000000F)
    __rt_lib_shutdown_signal_1               0x080002f3   Thumb Code     0  libshutdown2.o(.ARM.Collect$$libshutdown$$00000009)
    __rt_lib_shutdown_stdio_1                0x080002f3   Thumb Code     0  libshutdown2.o(.ARM.Collect$$libshutdown$$00000003)
    __rt_lib_shutdown_user_alloc_1           0x080002f3   Thumb Code     0  libshutdown2.o(.ARM.Collect$$libshutdown$$0000000B)
    __rt_entry                               0x080002f5   Thumb Code     0  rtentry.o(.ARM.Collect$$rtentry$$00000000)
    __rt_entry_presh_1                       0x080002f5   Thumb Code     0  rtentry2.o(.ARM.Collect$$rtentry$$00000002)
    __rt_entry_sh                            0x080002f5   Thumb Code     0  rtentry4.o(.ARM.Collect$$rtentry$$00000004)
    __rt_entry_li                            0x080002fb   Thumb Code     0  rtentry2.o(.ARM.Collect$$rtentry$$0000000A)
    __rt_entry_postsh_1                      0x080002fb   Thumb Code     0  rtentry2.o(.ARM.Collect$$rtentry$$00000009)
    __rt_entry_main                          0x080002ff   Thumb Code     0  rtentry2.o(.ARM.Collect$$rtentry$$0000000D)
    __rt_entry_postli_1                      0x080002ff   Thumb Code     0  rtentry2.o(.ARM.Collect$$rtentry$$0000000C)
    __rt_exit                                0x08000307   Thumb Code     0  rtexit.o(.ARM.Collect$$rtexit$$00000000)
    __rt_exit_ls                             0x08000309   Thumb Code     0  rtexit2.o(.ARM.Collect$$rtexit$$00000003)
    __rt_exit_prels_1                        0x08000309   Thumb Code     0  rtexit2.o(.ARM.Collect$$rtexit$$00000002)
    __rt_exit_exit                           0x0800030d   Thumb Code     0  rtexit2.o(.ARM.Collect$$rtexit$$00000004)
    Reset_Handler                            0x08000315   Thumb Code    14  startup_stm32f40_41xxx.o(.text)
    NMI_Handler                              0x08000323   Thumb Code     2  startup_stm32f40_41xxx.o(.text)
    HardFault_Handler                        0x08000325   Thumb Code     2  startup_stm32f40_41xxx.o(.text)
    MemManage_Handler                        0x08000327   Thumb Code     2  startup_stm32f40_41xxx.o(.text)
    BusFault_Handler                         0x08000329   Thumb Code     2  startup_stm32f40_41xxx.o(.text)
    UsageFault_Handler                       0x0800032b   Thumb Code     2  startup_stm32f40_41xxx.o(.text)
    SVC_Handler                              0x0800032d   Thumb Code     2  startup_stm32f40_41xxx.o(.text)
    DebugMon_Handler                         0x0800032f   Thumb Code     2  startup_stm32f40_41xxx.o(.text)
    PendSV_Handler                           0x08000331   Thumb Code     2  startup_stm32f40_41xxx.o(.text)
    ADC_IRQHandler                           0x08000335   Thumb Code     0  startup_stm32f40_41xxx.o(.text)
    CAN1_RX0_IRQHandler                      0x08000335   Thumb Code     0  startup_stm32f40_41xxx.o(.text)
    CAN1_RX1_IRQHandler                      0x08000335   Thumb Code     0  startup_stm32f40_41xxx.o(.text)
    CAN1_SCE_IRQHandler                      0x08000335   Thumb Code     0  startup_stm32f40_41xxx.o(.text)
    CAN1_TX_IRQHandler                       0x08000335   Thumb Code     0  startup_stm32f40_41xxx.o(.text)
    CAN2_RX0_IRQHandler                      0x08000335   Thumb Code     0  startup_stm32f40_41xxx.o(.text)
    CAN2_RX1_IRQHandler                      0x08000335   Thumb Code     0  startup_stm32f40_41xxx.o(.text)
    CAN2_SCE_IRQHandler                      0x08000335   Thumb Code     0  startup_stm32f40_41xxx.o(.text)
    CAN2_TX_IRQHandler                       0x08000335   Thumb Code     0  startup_stm32f40_41xxx.o(.text)
    CRYP_IRQHandler                          0x08000335   Thumb Code     0  startup_stm32f40_41xxx.o(.text)
    DCMI_IRQHandler                          0x08000335   Thumb Code     0  startup_stm32f40_41xxx.o(.text)
    DMA1_Stream0_IRQHandler                  0x08000335   Thumb Code     0  startup_stm32f40_41xxx.o(.text)
    DMA1_Stream1_IRQHandler                  0x08000335   Thumb Code     0  startup_stm32f40_41xxx.o(.text)
    DMA1_Stream2_IRQHandler                  0x08000335   Thumb Code     0  startup_stm32f40_41xxx.o(.text)
    DMA1_Stream3_IRQHandler                  0x08000335   Thumb Code     0  startup_stm32f40_41xxx.o(.text)
    DMA1_Stream4_IRQHandler                  0x08000335   Thumb Code     0  startup_stm32f40_41xxx.o(.text)
    DMA1_Stream5_IRQHandler                  0x08000335   Thumb Code     0  startup_stm32f40_41xxx.o(.text)
    DMA1_Stream6_IRQHandler                  0x08000335   Thumb Code     0  startup_stm32f40_41xxx.o(.text)
    DMA1_Stream7_IRQHandler                  0x08000335   Thumb Code     0  startup_stm32f40_41xxx.o(.text)
    DMA2_Stream0_IRQHandler                  0x08000335   Thumb Code     0  startup_stm32f40_41xxx.o(.text)
    DMA2_Stream1_IRQHandler                  0x08000335   Thumb Code     0  startup_stm32f40_41xxx.o(.text)
    DMA2_Stream2_IRQHandler                  0x08000335   Thumb Code     0  startup_stm32f40_41xxx.o(.text)
    DMA2_Stream3_IRQHandler                  0x08000335   Thumb Code     0  startup_stm32f40_41xxx.o(.text)
    DMA2_Stream4_IRQHandler                  0x08000335   Thumb Code     0  startup_stm32f40_41xxx.o(.text)
    DMA2_Stream5_IRQHandler                  0x08000335   Thumb Code     0  startup_stm32f40_41xxx.o(.text)
    DMA2_Stream6_IRQHandler                  0x08000335   Thumb Code     0  startup_stm32f40_41xxx.o(.text)
    DMA2_Stream7_IRQHandler                  0x08000335   Thumb Code     0  startup_stm32f40_41xxx.o(.text)
    ETH_IRQHandler                           0x08000335   Thumb Code     0  startup_stm32f40_41xxx.o(.text)
    ETH_WKUP_IRQHandler                      0x08000335   Thumb Code     0  startup_stm32f40_41xxx.o(.text)
    EXTI0_IRQHandler                         0x08000335   Thumb Code     0  startup_stm32f40_41xxx.o(.text)
    EXTI15_10_IRQHandler                     0x08000335   Thumb Code     0  startup_stm32f40_41xxx.o(.text)
    EXTI1_IRQHandler                         0x08000335   Thumb Code     0  startup_stm32f40_41xxx.o(.text)
    EXTI2_IRQHandler                         0x08000335   Thumb Code     0  startup_stm32f40_41xxx.o(.text)
    EXTI3_IRQHandler                         0x08000335   Thumb Code     0  startup_stm32f40_41xxx.o(.text)
    EXTI4_IRQHandler                         0x08000335   Thumb Code     0  startup_stm32f40_41xxx.o(.text)
    EXTI9_5_IRQHandler                       0x08000335   Thumb Code     0  startup_stm32f40_41xxx.o(.text)
    FLASH_IRQHandler                         0x08000335   Thumb Code     0  startup_stm32f40_41xxx.o(.text)
    FPU_IRQHandler                           0x08000335   Thumb Code     0  startup_stm32f40_41xxx.o(.text)
    FSMC_IRQHandler                          0x08000335   Thumb Code     0  startup_stm32f40_41xxx.o(.text)
    HASH_RNG_IRQHandler                      0x08000335   Thumb Code     0  startup_stm32f40_41xxx.o(.text)
    I2C1_ER_IRQHandler                       0x08000335   Thumb Code     0  startup_stm32f40_41xxx.o(.text)
    I2C1_EV_IRQHandler                       0x08000335   Thumb Code     0  startup_stm32f40_41xxx.o(.text)
    I2C2_ER_IRQHandler                       0x08000335   Thumb Code     0  startup_stm32f40_41xxx.o(.text)
    I2C2_EV_IRQHandler                       0x08000335   Thumb Code     0  startup_stm32f40_41xxx.o(.text)
    I2C3_ER_IRQHandler                       0x08000335   Thumb Code     0  startup_stm32f40_41xxx.o(.text)
    I2C3_EV_IRQHandler                       0x08000335   Thumb Code     0  startup_stm32f40_41xxx.o(.text)
    OTG_FS_IRQHandler                        0x08000335   Thumb Code     0  startup_stm32f40_41xxx.o(.text)
    OTG_FS_WKUP_IRQHandler                   0x08000335   Thumb Code     0  startup_stm32f40_41xxx.o(.text)
    OTG_HS_EP1_IN_IRQHandler                 0x08000335   Thumb Code     0  startup_stm32f40_41xxx.o(.text)
    OTG_HS_EP1_OUT_IRQHandler                0x08000335   Thumb Code     0  startup_stm32f40_41xxx.o(.text)
    OTG_HS_IRQHandler                        0x08000335   Thumb Code     0  startup_stm32f40_41xxx.o(.text)
    OTG_HS_WKUP_IRQHandler                   0x08000335   Thumb Code     0  startup_stm32f40_41xxx.o(.text)
    PVD_IRQHandler                           0x08000335   Thumb Code     0  startup_stm32f40_41xxx.o(.text)
    RCC_IRQHandler                           0x08000335   Thumb Code     0  startup_stm32f40_41xxx.o(.text)
    RTC_Alarm_IRQHandler                     0x08000335   Thumb Code     0  startup_stm32f40_41xxx.o(.text)
    RTC_WKUP_IRQHandler                      0x08000335   Thumb Code     0  startup_stm32f40_41xxx.o(.text)
    SDIO_IRQHandler                          0x08000335   Thumb Code     0  startup_stm32f40_41xxx.o(.text)
    SPI1_IRQHandler                          0x08000335   Thumb Code     0  startup_stm32f40_41xxx.o(.text)
    SPI2_IRQHandler                          0x08000335   Thumb Code     0  startup_stm32f40_41xxx.o(.text)
    SPI3_IRQHandler                          0x08000335   Thumb Code     0  startup_stm32f40_41xxx.o(.text)
    TAMP_STAMP_IRQHandler                    0x08000335   Thumb Code     0  startup_stm32f40_41xxx.o(.text)
    TIM1_BRK_TIM9_IRQHandler                 0x08000335   Thumb Code     0  startup_stm32f40_41xxx.o(.text)
    TIM1_CC_IRQHandler                       0x08000335   Thumb Code     0  startup_stm32f40_41xxx.o(.text)
    TIM1_TRG_COM_TIM11_IRQHandler            0x08000335   Thumb Code     0  startup_stm32f40_41xxx.o(.text)
    TIM1_UP_TIM10_IRQHandler                 0x08000335   Thumb Code     0  startup_stm32f40_41xxx.o(.text)
    TIM2_IRQHandler                          0x08000335   Thumb Code     0  startup_stm32f40_41xxx.o(.text)
    TIM6_DAC_IRQHandler                      0x08000335   Thumb Code     0  startup_stm32f40_41xxx.o(.text)
    TIM8_BRK_TIM12_IRQHandler                0x08000335   Thumb Code     0  startup_stm32f40_41xxx.o(.text)
    TIM8_CC_IRQHandler                       0x08000335   Thumb Code     0  startup_stm32f40_41xxx.o(.text)
    TIM8_TRG_COM_TIM14_IRQHandler            0x08000335   Thumb Code     0  startup_stm32f40_41xxx.o(.text)
    TIM8_UP_TIM13_IRQHandler                 0x08000335   Thumb Code     0  startup_stm32f40_41xxx.o(.text)
    UART4_IRQHandler                         0x08000335   Thumb Code     0  startup_stm32f40_41xxx.o(.text)
    UART5_IRQHandler                         0x08000335   Thumb Code     0  startup_stm32f40_41xxx.o(.text)
    USART2_IRQHandler                        0x08000335   Thumb Code     0  startup_stm32f40_41xxx.o(.text)
    USART6_IRQHandler                        0x08000335   Thumb Code     0  startup_stm32f40_41xxx.o(.text)
    WWDG_IRQHandler                          0x08000335   Thumb Code     0  startup_stm32f40_41xxx.o(.text)
    __user_initial_stackheap                 0x08000339   Thumb Code     0  startup_stm32f40_41xxx.o(.text)
    __use_no_semihosting                     0x08000359   Thumb Code     2  use_no_semi_2.o(.text)
    __c89vsprintf                            0x0800035d   Thumb Code    32  c89vsprintf.o(.text)
    __2printf                                0x08000381   Thumb Code    20  __2printf.o(.text)
    _printf_pre_padding                      0x08000399   Thumb Code    44  _printf_pad.o(.text)
    _printf_post_padding                     0x080003c5   Thumb Code    34  _printf_pad.o(.text)
    _printf_str                              0x080003e7   Thumb Code    82  _printf_str.o(.text)
    _printf_int_dec                          0x08000439   Thumb Code   100  _printf_dec.o(.text)
    _printf_longlong_hex                     0x080004ad   Thumb Code    86  _printf_hex_int_ll_ptr.o(.text)
    _printf_int_hex                          0x08000503   Thumb Code    28  _printf_hex_int_ll_ptr.o(.text)
    _printf_ll_hex                           0x0800051f   Thumb Code    12  _printf_hex_int_ll_ptr.o(.text)
    _printf_hex_ptr                          0x0800052b   Thumb Code    18  _printf_hex_int_ll_ptr.o(.text)
    __printf                                 0x08000541   Thumb Code   388  __printf_flags_ss_wp.o(.text)
    strlen                                   0x080006c9   Thumb Code    62  strlen.o(.text)
    __use_two_region_memory                  0x08000707   Thumb Code     2  heapauxi.o(.text)
    __rt_heap_escrow$2region                 0x08000709   Thumb Code     2  heapauxi.o(.text)
    __rt_heap_expand$2region                 0x0800070b   Thumb Code     2  heapauxi.o(.text)
    __I$use$semihosting                      0x0800070d   Thumb Code     0  use_no_semi.o(.text)
    __use_no_semihosting_swi                 0x0800070d   Thumb Code     2  use_no_semi.o(.text)
    _printf_truncate_signed                  0x0800070f   Thumb Code    18  _printf_truncate.o(.text)
    _printf_truncate_unsigned                0x08000721   Thumb Code    18  _printf_truncate.o(.text)
    _printf_int_common                       0x08000733   Thumb Code   178  _printf_intcommon.o(.text)
    _printf_charcount                        0x080007e5   Thumb Code    40  _printf_charcount.o(.text)
    _printf_char_common                      0x08000817   Thumb Code    32  _printf_char_common.o(.text)
    _sputc                                   0x0800083d   Thumb Code    10  _sputc.o(.text)
    _printf_cs_common                        0x08000847   Thumb Code    20  _printf_char.o(.text)
    _printf_char                             0x0800085b   Thumb Code    16  _printf_char.o(.text)
    _printf_string                           0x0800086b   Thumb Code     8  _printf_char.o(.text)
    _printf_char_file                        0x08000875   Thumb Code    32  _printf_char_file.o(.text)
    _printf_wctomb                           0x08000899   Thumb Code   182  _printf_wctomb.o(.text)
    _printf_longlong_dec                     0x08000955   Thumb Code   104  _printf_longlong_dec.o(.text)
    _printf_longlong_oct                     0x080009cd   Thumb Code    68  _printf_oct_int_ll.o(.text)
    _printf_int_oct                          0x08000a11   Thumb Code    24  _printf_oct_int_ll.o(.text)
    _printf_ll_oct                           0x08000a29   Thumb Code    12  _printf_oct_int_ll.o(.text)
    _ll_udiv10                               0x08000a3d   Thumb Code   138  lludiv10.o(.text)
    __lib_sel_fp_printf                      0x08000ac7   Thumb Code     2  _printf_fp_dec.o(.text)
    _printf_fp_dec_real                      0x08000c75   Thumb Code   616  _printf_fp_dec.o(.text)
    _printf_lcs_common                       0x08000edd   Thumb Code    20  _printf_wchar.o(.text)
    _printf_wchar                            0x08000ef1   Thumb Code    16  _printf_wchar.o(.text)
    _printf_wstring                          0x08000f01   Thumb Code     8  _printf_wchar.o(.text)
    ferror                                   0x08000f09   Thumb Code     8  ferror.o(.text)
    _wcrtomb                                 0x08000f11   Thumb Code    64  _wcrtomb.o(.text)
    __user_setup_stackheap                   0x08000f51   Thumb Code    74  sys_stackheap_outer.o(.text)
    __rt_ctype_table                         0x08000f9d   Thumb Code    16  rt_ctype_table.o(.text)
    __rt_locale                              0x08000fad   Thumb Code     8  rt_locale_intlibspace.o(.text)
    _printf_fp_infnan                        0x08000fb5   Thumb Code   112  _printf_fp_infnan.o(.text)
    _btod_etento                             0x08001035   Thumb Code   212  bigflt0.o(.text)
    exit                                     0x0800110d   Thumb Code    12  exit.o(.text)
    __user_libspace                          0x08001119   Thumb Code     8  libspace.o(.text)
    __user_perproc_libspace                  0x08001119   Thumb Code     0  libspace.o(.text)
    __user_perthread_libspace                0x08001119   Thumb Code     0  libspace.o(.text)
    strcmp                                   0x08001121   Thumb Code   128  strcmpv7m.o(.text)
    _btod_d2e                                0x080011a1   Thumb Code    62  btod.o(CL$$btod_d2e)
    _d2e_denorm_low                          0x080011df   Thumb Code    70  btod.o(CL$$btod_d2e_denorm_low)
    _d2e_norm_op1                            0x08001225   Thumb Code    96  btod.o(CL$$btod_d2e_norm_op1)
    __btod_div_common                        0x08001285   Thumb Code   696  btod.o(CL$$btod_div_common)
    _e2e                                     0x080015bd   Thumb Code   198  btod.o(CL$$btod_e2e)
    _btod_ediv                               0x08001683   Thumb Code    40  btod.o(CL$$btod_ediv)
    _btod_emul                               0x080016ab   Thumb Code    40  btod.o(CL$$btod_emul)
    __btod_mult_common                       0x080016d3   Thumb Code   580  btod.o(CL$$btod_mult_common)
    GPIO_AF_Set                              0x08001917   Thumb Code    64  sys.o(i.GPIO_AF_Set)
    GPIO_Set                                 0x08001957   Thumb Code   222  sys.o(i.GPIO_Set)
    HC05_Init                                0x08001a35   Thumb Code   124  hc05.o(i.HC05_Init)
    KEY_Init                                 0x08001acd   Thumb Code    66  key.o(i.KEY_Init)
    LCD_Clear                                0x08001b1d   Thumb Code   100  ili93xx.o(i.LCD_Clear)
    LCD_Display_Dir                          0x08001b89   Thumb Code   364  ili93xx.o(i.LCD_Display_Dir)
    LCD_Fast_DrawPoint                       0x08001cf9   Thumb Code   280  ili93xx.o(i.LCD_Fast_DrawPoint)
    LCD_Init                                 0x08001e19   Thumb Code 14154  ili93xx.o(i.LCD_Init)
    LCD_RD_DATA                              0x0800556d   Thumb Code    14  ili93xx.o(i.LCD_RD_DATA)
    LCD_ReadReg                              0x08005581   Thumb Code    22  ili93xx.o(i.LCD_ReadReg)
    LCD_Scan_Dir                             0x08005599   Thumb Code   678  ili93xx.o(i.LCD_Scan_Dir)
    LCD_SetCursor                            0x08005845   Thumb Code   262  ili93xx.o(i.LCD_SetCursor)
    LCD_ShowChar                             0x08005951   Thumb Code   272  ili93xx.o(i.LCD_ShowChar)
    LCD_ShowString                           0x08005a79   Thumb Code   102  ili93xx.o(i.LCD_ShowString)
    LCD_WR_DATA                              0x08005ae1   Thumb Code    18  ili93xx.o(i.LCD_WR_DATA)
    LCD_WR_REG                               0x08005af9   Thumb Code    18  ili93xx.o(i.LCD_WR_REG)
    LCD_WriteRAM_Prepare                     0x08005b11   Thumb Code    10  ili93xx.o(i.LCD_WriteRAM_Prepare)
    LCD_WriteReg                             0x08005b25   Thumb Code    24  ili93xx.o(i.LCD_WriteReg)
    MY_NVIC_Init                             0x08005b41   Thumb Code   116  sys.o(i.MY_NVIC_Init)
    MY_NVIC_PriorityGroupConfig              0x08005bb9   Thumb Code    32  sys.o(i.MY_NVIC_PriorityGroupConfig)
    MY_NVIC_SetVectorTable                   0x08005be1   Thumb Code    12  sys.o(i.MY_NVIC_SetVectorTable)
    Stm32_Clock_Init                         0x08005bf1   Thumb Code    90  sys.o(i.Stm32_Clock_Init)
    SysTick_Handler                          0x08005c59   Thumb Code    12  delay.o(i.SysTick_Handler)
    Sys_Clock_Set                            0x08005c69   Thumb Code   254  sys.o(i.Sys_Clock_Set)
    TIM10_PWM_Init                           0x08005d75   Thumb Code   158  timer.o(i.TIM10_PWM_Init)
    TIM11_PWM_Init                           0x08005e21   Thumb Code   158  timer.o(i.TIM11_PWM_Init)
    TIM13_PWM_Init                           0x08005ecd   Thumb Code   158  timer.o(i.TIM13_PWM_Init)
    TIM14_PWM_Init                           0x08005f79   Thumb Code   136  timer.o(i.TIM14_PWM_Init)
    TIM3_IRQHandler                          0x0800600d   Thumb Code    40  timer.o(i.TIM3_IRQHandler)
    TIM4_IRQHandler                          0x0800603d   Thumb Code    50  usmart.o(i.TIM4_IRQHandler)
    TIM5_IRQHandler                          0x08006079   Thumb Code   214  timer.o(i.TIM5_IRQHandler)
    TIM7_IRQHandler                          0x0800615d   Thumb Code    40  timer.o(i.TIM7_IRQHandler)
    TIM7_Int_Init                            0x08006189   Thumb Code    80  timer.o(i.TIM7_Int_Init)
    Timer4_Init                              0x080061e1   Thumb Code    72  usmart.o(i.Timer4_Init)
    USART1_IRQHandler                        0x08006231   Thumb Code   116  usart.o(i.USART1_IRQHandler)
    USART3_IRQHandler                        0x080062b1   Thumb Code    22  usart3.o(i.USART3_IRQHandler)
    __ARM_fpclassify                         0x080062d1   Thumb Code    48  fpclassify.o(i.__ARM_fpclassify)
    _is_digit                                0x08006301   Thumb Code    14  __printf_wp.o(i._is_digit)
    _sys_exit                                0x0800630f   Thumb Code     6  usart.o(i._sys_exit)
    car_forward                              0x08006315   Thumb Code    12  motor.o(i.car_forward)
    car_left_back                            0x08006321   Thumb Code    14  motor.o(i.car_left_back)
    car_left_s                               0x0800632f   Thumb Code    16  motor.o(i.car_left_s)
    car_right_back                           0x0800633f   Thumb Code    14  motor.o(i.car_right_back)
    car_right_s                              0x0800634d   Thumb Code    16  motor.o(i.car_right_s)
    delay_init                               0x0800635d   Thumb Code    76  delay.o(i.delay_init)
    delay_ms                                 0x080063ad   Thumb Code    18  delay.o(i.delay_ms)
    delay_us                                 0x080063c1   Thumb Code    76  delay.o(i.delay_us)
    fputc                                    0x08006411   Thumb Code    22  usart.o(i.fputc)
    l_motor_backward                         0x0800642d   Thumb Code    16  motor.o(i.l_motor_backward)
    l_motor_forward                          0x0800643d   Thumb Code    16  motor.o(i.l_motor_forward)
    l_motor_s                                0x0800644d   Thumb Code    20  motor.o(i.l_motor_s)
    main                                     0x08006461   Thumb Code   406  test.o(i.main)
    pwm_init                                 0x08006639   Thumb Code    44  motor.o(i.pwm_init)
    pwm_s                                    0x08006669   Thumb Code    10  motor.o(i.pwm_s)
    pwm_start                                0x08006679   Thumb Code    12  motor.o(i.pwm_start)
    pwm_stop                                 0x08006689   Thumb Code    14  motor.o(i.pwm_stop)
    r_motor_backward                         0x080066a1   Thumb Code    16  motor.o(i.r_motor_backward)
    r_motor_forward                          0x080066b1   Thumb Code    16  motor.o(i.r_motor_forward)
    r_motor_s                                0x080066c1   Thumb Code    20  motor.o(i.r_motor_s)
    read_addr                                0x080066d5   Thumb Code     6  usmart.o(i.read_addr)
    u3_printf                                0x080066dd   Thumb Code    72  usart3.o(i.u3_printf)
    uart_init                                0x0800672d   Thumb Code   240  usart.o(i.uart_init)
    usart3_init                              0x0800682d   Thumb Code   254  usart3.o(i.usart3_init)
    usmart_cmd_rec                           0x08006941   Thumb Code   170  usmart.o(i.usmart_cmd_rec)
    usmart_exe                               0x080069f1   Thumb Code   632  usmart.o(i.usmart_exe)
    usmart_get_aparm                         0x08006cc5   Thumb Code   212  usmart_str.o(i.usmart_get_aparm)
    usmart_get_cmdname                       0x08006d99   Thumb Code    54  usmart_str.o(i.usmart_get_cmdname)
    usmart_get_fname                         0x08006dd1   Thumb Code   440  usmart_str.o(i.usmart_get_fname)
    usmart_get_fparam                        0x08006f91   Thumb Code   262  usmart_str.o(i.usmart_get_fparam)
    usmart_get_parmpos                       0x0800709d   Thumb Code    26  usmart_str.o(i.usmart_get_parmpos)
    usmart_get_runtime                       0x080070bd   Thumb Code    56  usmart.o(i.usmart_get_runtime)
    usmart_init                              0x080070fd   Thumb Code    36  usmart.o(i.usmart_init)
    usmart_pow                               0x08007125   Thumb Code    22  usmart_str.o(i.usmart_pow)
    usmart_reset_runtime                     0x0800713d   Thumb Code    38  usmart.o(i.usmart_reset_runtime)
    usmart_scan                              0x0800716d   Thumb Code   120  usmart.o(i.usmart_scan)
    usmart_search_nextc                      0x08007229   Thumb Code    22  usmart_str.o(i.usmart_search_nextc)
    usmart_str2num                           0x0800723f   Thumb Code   262  usmart_str.o(i.usmart_str2num)
    usmart_strcmp                            0x08007345   Thumb Code    34  usmart_str.o(i.usmart_strcmp)
    usmart_strcopy                           0x08007367   Thumb Code    22  usmart_str.o(i.usmart_strcopy)
    usmart_strlen                            0x0800737d   Thumb Code    24  usmart_str.o(i.usmart_strlen)
    usmart_sys_cmd_exe                       0x08007395   Thumb Code  1570  usmart.o(i.usmart_sys_cmd_exe)
    write_addr                               0x08007a89   Thumb Code     4  usmart.o(i.write_addr)
    _get_lc_numeric                          0x08007a8d   Thumb Code    44  lc_numeric_c.o(locale$$code)
    _get_lc_ctype                            0x08007ab9   Thumb Code    44  lc_ctype_c.o(locale$$code)
    _fp_init                                 0x08007ae5   Thumb Code    10  fpinit.o(x$fpl$fpinit)
    __fplib_config_fpu_vfp                   0x08007aed   Thumb Code     0  fpinit.o(x$fpl$fpinit)
    __fplib_config_pureend_doubles           0x08007aed   Thumb Code     0  fpinit.o(x$fpl$fpinit)
    _printf_fp_dec                           0x08007aef   Thumb Code     4  printf1.o(x$fpl$printf1)
    __I$use$fp                               0x08007af2   Number         0  usenofp.o(x$fpl$usenofp)
    asc2_1206                                0x08007af2   Data        1140  ili93xx.o(.constdata)
    asc2_1608                                0x08007f66   Data        1520  ili93xx.o(.constdata)
    asc2_2412                                0x08008556   Data        3420  ili93xx.o(.constdata)
    Region$$Table$$Base                      0x080093ec   Number         0  anon$$obj.o(Region$$Table)
    Region$$Table$$Limit                     0x0800940c   Number         0  anon$$obj.o(Region$$Table)
    __ctype                                  0x08009435   Data           0  lc_ctype_c.o(locale$$data)
    chixu                                    0x20000000   Data           1  test.o(.data)
    out                                      0x20000001   Data           1  test.o(.data)
    outfudu                                  0x20000002   Data           1  test.o(.data)
    chixufudu                                0x20000003   Data           1  test.o(.data)
    g_timer_arr                              0x20000004   Data           4  motor.o(.data)
    PWM_BASE                                 0x20000008   Data          16  motor.o(.data)
    global_time_cnt                          0x2000001c   Data           4  delay.o(.data)
    __stdout                                 0x20000020   Data           4  usart.o(.data)
    USART_RX_STA                             0x20000024   Data           2  usart.o(.data)
    POINT_COLOR                              0x20000026   Data           2  ili93xx.o(.data)
    BACK_COLOR                               0x20000028   Data           2  ili93xx.o(.data)
    TIM5CH1_CAPTURE_STA                      0x2000002c   Data           1  timer.o(.data)
    TIM5CH1_CAPTURE_VAL                      0x20000030   Data           4  timer.o(.data)
    USART3_RX_BYTE                           0x20000034   Data           1  usart3.o(.data)
    sys_cmd_tab                              0x20000038   Data          28  usmart.o(.data)
    usmart_nametab                           0x20000054   Data          16  usmart_config.o(.data)
    usmart_dev                               0x20000064   Data         244  usmart_config.o(.data)
    USART_RX_BUF                             0x20000158   Data         200  usart.o(.bss)
    lcddev                                   0x20000220   Data          14  ili93xx.o(.bss)
    USART3_TX_BUF                            0x20000230   Data         400  usart3.o(.bss)
    __libspace_start                         0x200003c0   Data          96  libspace.o(.bss)
    __temporary_stack_top$libspace           0x20000420   Data           0  libspace.o(.bss)



==============================================================================

Memory Map of the image

  Image Entry point : 0x08000189

  Load Region LR_IROM1 (Base: 0x08000000, Size: 0x00009690, Max: 0x00100000, ABSOLUTE, COMPRESSED[0x00009590])

    Execution Region ER_IROM1 (Base: 0x08000000, Size: 0x00009538, Max: 0x00100000, ABSOLUTE)

    Base Addr    Size         Type   Attr      Idx    E Section Name        Object

    0x08000000   0x00000188   Data   RO            3    RESET               startup_stm32f40_41xxx.o
    0x08000188   0x00000008   Code   RO         1125  * !!!main             c_w.l(__main.o)
    0x08000190   0x00000034   Code   RO         1385    !!!scatter          c_w.l(__scatter.o)
    0x080001c4   0x0000005a   Code   RO         1383    !!dczerorl2         c_w.l(__dczerorl2.o)
    0x0800021e   0x00000002   PAD
    0x08000220   0x0000001c   Code   RO         1387    !!handler_zi        c_w.l(__scatter_zi.o)
    0x0800023c   0x00000000   Code   RO         1120    .ARM.Collect$$_printf_percent$$00000000  c_w.l(_printf_percent.o)
    0x0800023c   0x00000006   Code   RO         1155    .ARM.Collect$$_printf_percent$$00000001  c_w.l(_printf_n.o)
    0x08000242   0x00000006   Code   RO         1156    .ARM.Collect$$_printf_percent$$00000002  c_w.l(_printf_p.o)
    0x08000248   0x00000006   Code   RO         1159    .ARM.Collect$$_printf_percent$$00000003  c_w.l(_printf_f.o)
    0x0800024e   0x00000006   Code   RO         1160    .ARM.Collect$$_printf_percent$$00000004  c_w.l(_printf_e.o)
    0x08000254   0x00000006   Code   RO         1161    .ARM.Collect$$_printf_percent$$00000005  c_w.l(_printf_g.o)
    0x0800025a   0x00000006   Code   RO         1162    .ARM.Collect$$_printf_percent$$00000006  c_w.l(_printf_a.o)
    0x08000260   0x0000000a   Code   RO         1167    .ARM.Collect$$_printf_percent$$00000007  c_w.l(_printf_ll.o)
    0x0800026a   0x00000006   Code   RO         1158    .ARM.Collect$$_printf_percent$$00000008  c_w.l(_printf_i.o)
    0x08000270   0x00000006   Code   RO         1118    .ARM.Collect$$_printf_percent$$00000009  c_w.l(_printf_d.o)
    0x08000276   0x00000006   Code   RO         1119    .ARM.Collect$$_printf_percent$$0000000A  c_w.l(_printf_u.o)
    0x0800027c   0x00000006   Code   RO         1157    .ARM.Collect$$_printf_percent$$0000000B  c_w.l(_printf_o.o)
    0x08000282   0x00000006   Code   RO         1117    .ARM.Collect$$_printf_percent$$0000000C  c_w.l(_printf_x.o)
    0x08000288   0x00000006   Code   RO         1164    .ARM.Collect$$_printf_percent$$0000000D  c_w.l(_printf_lli.o)
    0x0800028e   0x00000006   Code   RO         1165    .ARM.Collect$$_printf_percent$$0000000E  c_w.l(_printf_lld.o)
    0x08000294   0x00000006   Code   RO         1166    .ARM.Collect$$_printf_percent$$0000000F  c_w.l(_printf_llu.o)
    0x0800029a   0x00000006   Code   RO         1171    .ARM.Collect$$_printf_percent$$00000010  c_w.l(_printf_llo.o)
    0x080002a0   0x00000006   Code   RO         1172    .ARM.Collect$$_printf_percent$$00000011  c_w.l(_printf_llx.o)
    0x080002a6   0x0000000a   Code   RO         1168    .ARM.Collect$$_printf_percent$$00000012  c_w.l(_printf_l.o)
    0x080002b0   0x00000006   Code   RO         1115    .ARM.Collect$$_printf_percent$$00000013  c_w.l(_printf_c.o)
    0x080002b6   0x00000006   Code   RO         1116    .ARM.Collect$$_printf_percent$$00000014  c_w.l(_printf_s.o)
    0x080002bc   0x00000006   Code   RO         1169    .ARM.Collect$$_printf_percent$$00000015  c_w.l(_printf_lc.o)
    0x080002c2   0x00000006   Code   RO         1170    .ARM.Collect$$_printf_percent$$00000016  c_w.l(_printf_ls.o)
    0x080002c8   0x00000004   Code   RO         1163    .ARM.Collect$$_printf_percent$$00000017  c_w.l(_printf_percent_end.o)
    0x080002cc   0x00000002   Code   RO         1250    .ARM.Collect$$libinit$$00000000  c_w.l(libinit.o)
    0x080002ce   0x00000004   Code   RO         1266    .ARM.Collect$$libinit$$00000001  c_w.l(libinit2.o)
    0x080002d2   0x00000000   Code   RO         1270    .ARM.Collect$$libinit$$00000008  c_w.l(libinit2.o)
    0x080002d2   0x00000000   Code   RO         1272    .ARM.Collect$$libinit$$0000000A  c_w.l(libinit2.o)
    0x080002d2   0x00000000   Code   RO         1274    .ARM.Collect$$libinit$$0000000C  c_w.l(libinit2.o)
    0x080002d2   0x00000006   Code   RO         1275    .ARM.Collect$$libinit$$0000000D  c_w.l(libinit2.o)
    0x080002d8   0x00000000   Code   RO         1277    .ARM.Collect$$libinit$$0000000F  c_w.l(libinit2.o)
    0x080002d8   0x0000000c   Code   RO         1278    .ARM.Collect$$libinit$$00000010  c_w.l(libinit2.o)
    0x080002e4   0x00000000   Code   RO         1279    .ARM.Collect$$libinit$$00000011  c_w.l(libinit2.o)
    0x080002e4   0x00000000   Code   RO         1281    .ARM.Collect$$libinit$$00000013  c_w.l(libinit2.o)
    0x080002e4   0x0000000a   Code   RO         1282    .ARM.Collect$$libinit$$00000014  c_w.l(libinit2.o)
    0x080002ee   0x00000000   Code   RO         1283    .ARM.Collect$$libinit$$00000015  c_w.l(libinit2.o)
    0x080002ee   0x00000000   Code   RO         1285    .ARM.Collect$$libinit$$00000017  c_w.l(libinit2.o)
    0x080002ee   0x00000000   Code   RO         1287    .ARM.Collect$$libinit$$00000019  c_w.l(libinit2.o)
    0x080002ee   0x00000000   Code   RO         1289    .ARM.Collect$$libinit$$0000001B  c_w.l(libinit2.o)
    0x080002ee   0x00000000   Code   RO         1291    .ARM.Collect$$libinit$$0000001D  c_w.l(libinit2.o)
    0x080002ee   0x00000000   Code   RO         1293    .ARM.Collect$$libinit$$0000001F  c_w.l(libinit2.o)
    0x080002ee   0x00000000   Code   RO         1295    .ARM.Collect$$libinit$$00000021  c_w.l(libinit2.o)
    0x080002ee   0x00000000   Code   RO         1297    .ARM.Collect$$libinit$$00000023  c_w.l(libinit2.o)
    0x080002ee   0x00000000   Code   RO         1301    .ARM.Collect$$libinit$$0000002A  c_w.l(libinit2.o)
    0x080002ee   0x00000000   Code   RO         1303    .ARM.Collect$$libinit$$0000002C  c_w.l(libinit2.o)
    0x080002ee   0x00000000   Code   RO         1305    .ARM.Collect$$libinit$$0000002E  c_w.l(libinit2.o)
    0x080002ee   0x00000000   Code   RO         1307    .ARM.Collect$$libinit$$00000030  c_w.l(libinit2.o)
    0x080002ee   0x00000002   Code   RO         1308    .ARM.Collect$$libinit$$00000031  c_w.l(libinit2.o)
    0x080002f0   0x00000002   Code   RO         1326    .ARM.Collect$$libshutdown$$00000000  c_w.l(libshutdown.o)
    0x080002f2   0x00000000   Code   RO         1337    .ARM.Collect$$libshutdown$$00000003  c_w.l(libshutdown2.o)
    0x080002f2   0x00000000   Code   RO         1340    .ARM.Collect$$libshutdown$$00000006  c_w.l(libshutdown2.o)
    0x080002f2   0x00000000   Code   RO         1343    .ARM.Collect$$libshutdown$$00000009  c_w.l(libshutdown2.o)
    0x080002f2   0x00000000   Code   RO         1345    .ARM.Collect$$libshutdown$$0000000B  c_w.l(libshutdown2.o)
    0x080002f2   0x00000000   Code   RO         1348    .ARM.Collect$$libshutdown$$0000000E  c_w.l(libshutdown2.o)
    0x080002f2   0x00000002   Code   RO         1349    .ARM.Collect$$libshutdown$$0000000F  c_w.l(libshutdown2.o)
    0x080002f4   0x00000000   Code   RO         1129    .ARM.Collect$$rtentry$$00000000  c_w.l(rtentry.o)
    0x080002f4   0x00000000   Code   RO         1176    .ARM.Collect$$rtentry$$00000002  c_w.l(rtentry2.o)
    0x080002f4   0x00000006   Code   RO         1188    .ARM.Collect$$rtentry$$00000004  c_w.l(rtentry4.o)
    0x080002fa   0x00000000   Code   RO         1178    .ARM.Collect$$rtentry$$00000009  c_w.l(rtentry2.o)
    0x080002fa   0x00000004   Code   RO         1179    .ARM.Collect$$rtentry$$0000000A  c_w.l(rtentry2.o)
    0x080002fe   0x00000000   Code   RO         1181    .ARM.Collect$$rtentry$$0000000C  c_w.l(rtentry2.o)
    0x080002fe   0x00000008   Code   RO         1182    .ARM.Collect$$rtentry$$0000000D  c_w.l(rtentry2.o)
    0x08000306   0x00000002   Code   RO         1259    .ARM.Collect$$rtexit$$00000000  c_w.l(rtexit.o)
    0x08000308   0x00000000   Code   RO         1310    .ARM.Collect$$rtexit$$00000002  c_w.l(rtexit2.o)
    0x08000308   0x00000004   Code   RO         1311    .ARM.Collect$$rtexit$$00000003  c_w.l(rtexit2.o)
    0x0800030c   0x00000006   Code   RO         1312    .ARM.Collect$$rtexit$$00000004  c_w.l(rtexit2.o)
    0x08000312   0x00000002   PAD
    0x08000314   0x00000044   Code   RO            4    .text               startup_stm32f40_41xxx.o
    0x08000358   0x00000002   Code   RO         1058    .text               c_w.l(use_no_semi_2.o)
    0x0800035a   0x00000002   PAD
    0x0800035c   0x00000024   Code   RO         1060    .text               c_w.l(c89vsprintf.o)
    0x08000380   0x00000018   Code   RO         1062    .text               c_w.l(__2printf.o)
    0x08000398   0x0000004e   Code   RO         1068    .text               c_w.l(_printf_pad.o)
    0x080003e6   0x00000052   Code   RO         1070    .text               c_w.l(_printf_str.o)
    0x08000438   0x00000074   Code   RO         1072    .text               c_w.l(_printf_dec.o)
    0x080004ac   0x00000094   Code   RO         1092    .text               c_w.l(_printf_hex_int_ll_ptr.o)
    0x08000540   0x00000188   Code   RO         1112    .text               c_w.l(__printf_flags_ss_wp.o)
    0x080006c8   0x0000003e   Code   RO         1121    .text               c_w.l(strlen.o)
    0x08000706   0x00000006   Code   RO         1123    .text               c_w.l(heapauxi.o)
    0x0800070c   0x00000002   Code   RO         1127    .text               c_w.l(use_no_semi.o)
    0x0800070e   0x00000024   Code   RO         1130    .text               c_w.l(_printf_truncate.o)
    0x08000732   0x000000b2   Code   RO         1132    .text               c_w.l(_printf_intcommon.o)
    0x080007e4   0x00000028   Code   RO         1134    .text               c_w.l(_printf_charcount.o)
    0x0800080c   0x00000030   Code   RO         1136    .text               c_w.l(_printf_char_common.o)
    0x0800083c   0x0000000a   Code   RO         1138    .text               c_w.l(_sputc.o)
    0x08000846   0x0000002c   Code   RO         1140    .text               c_w.l(_printf_char.o)
    0x08000872   0x00000002   PAD
    0x08000874   0x00000024   Code   RO         1142    .text               c_w.l(_printf_char_file.o)
    0x08000898   0x000000bc   Code   RO         1144    .text               c_w.l(_printf_wctomb.o)
    0x08000954   0x00000078   Code   RO         1147    .text               c_w.l(_printf_longlong_dec.o)
    0x080009cc   0x00000070   Code   RO         1153    .text               c_w.l(_printf_oct_int_ll.o)
    0x08000a3c   0x0000008a   Code   RO         1190    .text               c_w.l(lludiv10.o)
    0x08000ac6   0x00000416   Code   RO         1192    .text               c_w.l(_printf_fp_dec.o)
    0x08000edc   0x0000002c   Code   RO         1196    .text               c_w.l(_printf_wchar.o)
    0x08000f08   0x00000008   Code   RO         1198    .text               c_w.l(ferror.o)
    0x08000f10   0x00000040   Code   RO         1202    .text               c_w.l(_wcrtomb.o)
    0x08000f50   0x0000004a   Code   RO         1204    .text               c_w.l(sys_stackheap_outer.o)
    0x08000f9a   0x00000002   PAD
    0x08000f9c   0x00000010   Code   RO         1206    .text               c_w.l(rt_ctype_table.o)
    0x08000fac   0x00000008   Code   RO         1211    .text               c_w.l(rt_locale_intlibspace.o)
    0x08000fb4   0x00000080   Code   RO         1213    .text               c_w.l(_printf_fp_infnan.o)
    0x08001034   0x000000d8   Code   RO         1215    .text               c_w.l(bigflt0.o)
    0x0800110c   0x0000000c   Code   RO         1243    .text               c_w.l(exit.o)
    0x08001118   0x00000008   Code   RO         1256    .text               c_w.l(libspace.o)
    0x08001120   0x00000080   Code   RO         1264    .text               c_w.l(strcmpv7m.o)
    0x080011a0   0x0000003e   Code   RO         1218    CL$$btod_d2e        c_w.l(btod.o)
    0x080011de   0x00000046   Code   RO         1220    CL$$btod_d2e_denorm_low  c_w.l(btod.o)
    0x08001224   0x00000060   Code   RO         1219    CL$$btod_d2e_norm_op1  c_w.l(btod.o)
    0x08001284   0x00000338   Code   RO         1228    CL$$btod_div_common  c_w.l(btod.o)
    0x080015bc   0x000000c6   Code   RO         1225    CL$$btod_e2e        c_w.l(btod.o)
    0x08001682   0x00000028   Code   RO         1222    CL$$btod_ediv       c_w.l(btod.o)
    0x080016aa   0x00000028   Code   RO         1221    CL$$btod_emul       c_w.l(btod.o)
    0x080016d2   0x00000244   Code   RO         1227    CL$$btod_mult_common  c_w.l(btod.o)
    0x08001916   0x00000040   Code   RO          313    i.GPIO_AF_Set       sys.o
    0x08001956   0x000000de   Code   RO          314    i.GPIO_Set          sys.o
    0x08001a34   0x00000098   Code   RO          788    i.HC05_Init         hc05.o
    0x08001acc   0x00000050   Code   RO          677    i.KEY_Init          key.o
    0x08001b1c   0x0000006c   Code   RO          462    i.LCD_Clear         ili93xx.o
    0x08001b88   0x00000170   Code   RO          466    i.LCD_Display_Dir   ili93xx.o
    0x08001cf8   0x00000120   Code   RO          471    i.LCD_Fast_DrawPoint  ili93xx.o
    0x08001e18   0x00003754   Code   RO          473    i.LCD_Init          ili93xx.o
    0x0800556c   0x00000014   Code   RO          475    i.LCD_RD_DATA       ili93xx.o
    0x08005580   0x00000016   Code   RO          477    i.LCD_ReadReg       ili93xx.o
    0x08005596   0x00000002   PAD
    0x08005598   0x000002ac   Code   RO          478    i.LCD_Scan_Dir      ili93xx.o
    0x08005844   0x0000010c   Code   RO          479    i.LCD_SetCursor     ili93xx.o
    0x08005950   0x00000128   Code   RO          481    i.LCD_ShowChar      ili93xx.o
    0x08005a78   0x00000066   Code   RO          483    i.LCD_ShowString    ili93xx.o
    0x08005ade   0x00000002   PAD
    0x08005ae0   0x00000018   Code   RO          485    i.LCD_WR_DATA       ili93xx.o
    0x08005af8   0x00000018   Code   RO          486    i.LCD_WR_REG        ili93xx.o
    0x08005b10   0x00000014   Code   RO          488    i.LCD_WriteRAM_Prepare  ili93xx.o
    0x08005b24   0x0000001c   Code   RO          489    i.LCD_WriteReg      ili93xx.o
    0x08005b40   0x00000078   Code   RO          315    i.MY_NVIC_Init      sys.o
    0x08005bb8   0x00000028   Code   RO          316    i.MY_NVIC_PriorityGroupConfig  sys.o
    0x08005be0   0x00000010   Code   RO          317    i.MY_NVIC_SetVectorTable  sys.o
    0x08005bf0   0x00000068   Code   RO          318    i.Stm32_Clock_Init  sys.o
    0x08005c58   0x00000010   Code   RO          253    i.SysTick_Handler   delay.o
    0x08005c68   0x0000010c   Code   RO          319    i.Sys_Clock_Set     sys.o
    0x08005d74   0x000000ac   Code   RO          707    i.TIM10_PWM_Init    timer.o
    0x08005e20   0x000000ac   Code   RO          708    i.TIM11_PWM_Init    timer.o
    0x08005ecc   0x000000ac   Code   RO          709    i.TIM13_PWM_Init    timer.o
    0x08005f78   0x00000094   Code   RO          710    i.TIM14_PWM_Init    timer.o
    0x0800600c   0x00000030   Code   RO          711    i.TIM3_IRQHandler   timer.o
    0x0800603c   0x0000003c   Code   RO          866    i.TIM4_IRQHandler   usmart.o
    0x08006078   0x000000e4   Code   RO          714    i.TIM5_IRQHandler   timer.o
    0x0800615c   0x0000002c   Code   RO          715    i.TIM7_IRQHandler   timer.o
    0x08006188   0x00000058   Code   RO          716    i.TIM7_Int_Init     timer.o
    0x080061e0   0x00000050   Code   RO          867    i.Timer4_Init       usmart.o
    0x08006230   0x00000080   Code   RO          389    i.USART1_IRQHandler  usart.o
    0x080062b0   0x00000020   Code   RO          819    i.USART3_IRQHandler  usart3.o
    0x080062d0   0x00000030   Code   RO         1254    i.__ARM_fpclassify  m_wm.l(fpclassify.o)
    0x08006300   0x0000000e   Code   RO         1105    i._is_digit         c_w.l(__printf_wp.o)
    0x0800630e   0x00000006   Code   RO          390    i._sys_exit         usart.o
    0x08006314   0x0000000c   Code   RO          108    i.car_forward       motor.o
    0x08006320   0x0000000e   Code   RO          110    i.car_left_back     motor.o
    0x0800632e   0x00000010   Code   RO          111    i.car_left_s        motor.o
    0x0800633e   0x0000000e   Code   RO          113    i.car_right_back    motor.o
    0x0800634c   0x00000010   Code   RO          114    i.car_right_s       motor.o
    0x0800635c   0x00000050   Code   RO          254    i.delay_init        delay.o
    0x080063ac   0x00000012   Code   RO          255    i.delay_ms          delay.o
    0x080063be   0x00000002   PAD
    0x080063c0   0x00000050   Code   RO          256    i.delay_us          delay.o
    0x08006410   0x0000001c   Code   RO          391    i.fputc             usart.o
    0x0800642c   0x00000010   Code   RO          116    i.l_motor_backward  motor.o
    0x0800643c   0x00000010   Code   RO          117    i.l_motor_forward   motor.o
    0x0800644c   0x00000014   Code   RO          118    i.l_motor_s         motor.o
    0x08006460   0x000001d8   Code   RO           12    i.main              test.o
    0x08006638   0x00000030   Code   RO          120    i.pwm_init          motor.o
    0x08006668   0x00000010   Code   RO          121    i.pwm_s             motor.o
    0x08006678   0x00000010   Code   RO          122    i.pwm_start         motor.o
    0x08006688   0x00000018   Code   RO          123    i.pwm_stop          motor.o
    0x080066a0   0x00000010   Code   RO          124    i.r_motor_backward  motor.o
    0x080066b0   0x00000010   Code   RO          125    i.r_motor_forward   motor.o
    0x080066c0   0x00000014   Code   RO          126    i.r_motor_s         motor.o
    0x080066d4   0x00000006   Code   RO          868    i.read_addr         usmart.o
    0x080066da   0x00000002   PAD
    0x080066dc   0x00000050   Code   RO          820    i.u3_printf         usart3.o
    0x0800672c   0x00000100   Code   RO          392    i.uart_init         usart.o
    0x0800682c   0x00000114   Code   RO          821    i.usart3_init       usart3.o
    0x08006940   0x000000b0   Code   RO          869    i.usmart_cmd_rec    usmart.o
    0x080069f0   0x000002d4   Code   RO          870    i.usmart_exe        usmart.o
    0x08006cc4   0x000000d4   Code   RO          978    i.usmart_get_aparm  usmart_str.o
    0x08006d98   0x00000036   Code   RO          979    i.usmart_get_cmdname  usmart_str.o
    0x08006dce   0x00000002   PAD
    0x08006dd0   0x000001c0   Code   RO          980    i.usmart_get_fname  usmart_str.o
    0x08006f90   0x0000010c   Code   RO          981    i.usmart_get_fparam  usmart_str.o
    0x0800709c   0x00000020   Code   RO          982    i.usmart_get_parmpos  usmart_str.o
    0x080070bc   0x00000040   Code   RO          871    i.usmart_get_runtime  usmart.o
    0x080070fc   0x00000028   Code   RO          872    i.usmart_init       usmart.o
    0x08007124   0x00000016   Code   RO          983    i.usmart_pow        usmart_str.o
    0x0800713a   0x00000002   PAD
    0x0800713c   0x00000030   Code   RO          873    i.usmart_reset_runtime  usmart.o
    0x0800716c   0x000000bc   Code   RO          874    i.usmart_scan       usmart.o
    0x08007228   0x00000016   Code   RO          984    i.usmart_search_nextc  usmart_str.o
    0x0800723e   0x00000106   Code   RO          985    i.usmart_str2num    usmart_str.o
    0x08007344   0x00000022   Code   RO          986    i.usmart_strcmp     usmart_str.o
    0x08007366   0x00000016   Code   RO          987    i.usmart_strcopy    usmart_str.o
    0x0800737c   0x00000018   Code   RO          988    i.usmart_strlen     usmart_str.o
    0x08007394   0x000006f4   Code   RO          875    i.usmart_sys_cmd_exe  usmart.o
    0x08007a88   0x00000004   Code   RO          876    i.write_addr        usmart.o
    0x08007a8c   0x0000002c   Code   RO         1241    locale$$code        c_w.l(lc_numeric_c.o)
    0x08007ab8   0x0000002c   Code   RO         1262    locale$$code        c_w.l(lc_ctype_c.o)
    0x08007ae4   0x0000000a   Code   RO         1318    x$fpl$fpinit        fz_wm.l(fpinit.o)
    0x08007aee   0x00000004   Code   RO         1173    x$fpl$printf1       fz_wm.l(printf1.o)
    0x08007af2   0x00000000   Code   RO         1253    x$fpl$usenofp       fz_wm.l(usenofp.o)
    0x08007af2   0x000017c0   Data   RO          492    .constdata          ili93xx.o
    0x080092b2   0x00000028   Data   RO         1093    .constdata          c_w.l(_printf_hex_int_ll_ptr.o)
    0x080092da   0x00000011   Data   RO         1113    .constdata          c_w.l(__printf_flags_ss_wp.o)
    0x080092eb   0x00000001   PAD
    0x080092ec   0x00000008   Data   RO         1145    .constdata          c_w.l(_printf_wctomb.o)
    0x080092f4   0x00000094   Data   RO         1216    .constdata          c_w.l(bigflt0.o)
    0x08009388   0x00000028   Data   RO          877    .conststring        usmart.o
    0x080093b0   0x0000003c   Data   RO          957    .conststring        usmart_config.o
    0x080093ec   0x00000020   Data   RO         1381    Region$$Table       anon$$obj.o
    0x0800940c   0x0000001c   Data   RO         1240    locale$$data        c_w.l(lc_numeric_c.o)
    0x08009428   0x00000110   Data   RO         1261    locale$$data        c_w.l(lc_ctype_c.o)


    Execution Region RW_IRAM1 (Base: 0x20000000, Size: 0x00000820, Max: 0x00020000, ABSOLUTE, COMPRESSED[0x00000058])

    Base Addr    Size         Type   Attr      Idx    E Section Name        Object

    0x20000000   0x00000004   Data   RW           13    .data               test.o
    0x20000004   0x00000014   Data   RW          128    .data               motor.o
    0x20000018   0x00000008   Data   RW          257    .data               delay.o
    0x20000020   0x00000006   Data   RW          394    .data               usart.o
    0x20000026   0x00000004   Data   RW          493    .data               ili93xx.o
    0x2000002a   0x00000002   PAD
    0x2000002c   0x00000008   Data   RW          717    .data               timer.o
    0x20000034   0x00000001   Data   RW          823    .data               usart3.o
    0x20000035   0x00000003   PAD
    0x20000038   0x0000001c   Data   RW          878    .data               usmart.o
    0x20000054   0x00000104   Data   RW          958    .data               usmart_config.o
    0x20000158   0x000000c8   Zero   RW          393    .bss                usart.o
    0x20000220   0x0000000e   Zero   RW          491    .bss                ili93xx.o
    0x2000022e   0x00000002   PAD
    0x20000230   0x00000190   Zero   RW          822    .bss                usart3.o
    0x200003c0   0x00000060   Zero   RW         1257    .bss                c_w.l(libspace.o)
    0x20000420   0x00000000   Zero   RW            2    HEAP                startup_stm32f40_41xxx.o
    0x20000420   0x00000400   Zero   RW            1    STACK               startup_stm32f40_41xxx.o


==============================================================================

Image component sizes


      Code (inc. data)   RO Data    RW Data    ZI Data      Debug   Object Name

       194         12          0          8          0     230179   delay.o
       152         28          0          0          0        620   hc05.o
     16416        190       6080          4         14      20576   ili93xx.o
        80         14          0          0          0        499   key.o
       280         24          0         20          0       7569   motor.o
        68         24        392          0       1024        872   startup_stm32f40_41xxx.o
       834         44          0          0          0       5070   sys.o
       472         74          0          4          0     232809   test.o
      1072         88          0          8          0       5056   timer.o
       418         34          0          6        200       4336   usart.o
       388         40          0          1        400       3269   usart3.o
      3170       1350         40         28          0       7914   usmart.o
         0          0         60        260          0       1580   usmart_config.o
      1400         20          0          0          0       8969   usmart_str.o

    ----------------------------------------------------------------------
     24956       1942       6604        344       1640     529318   Object Totals
         0          0         32          0          0          0   (incl. Generated)
        12          0          0          5          2          0   (incl. Padding)

    ----------------------------------------------------------------------

      Code (inc. data)   RO Data    RW Data    ZI Data      Debug   Library Member Name

        24          4          0          0          0         84   __2printf.o
        90          0          0          0          0          0   __dczerorl2.o
         8          0          0          0          0         68   __main.o
       392          4         17          0          0         92   __printf_flags_ss_wp.o
        14          0          0          0          0         68   __printf_wp.o
        52          8          0          0          0          0   __scatter.o
        28          0          0          0          0          0   __scatter_zi.o
         6          0          0          0          0          0   _printf_a.o
         6          0          0          0          0          0   _printf_c.o
        44          0          0          0          0        108   _printf_char.o
        48          6          0          0          0         96   _printf_char_common.o
        36          4          0          0          0         80   _printf_char_file.o
        40          0          0          0          0         68   _printf_charcount.o
         6          0          0          0          0          0   _printf_d.o
       116         16          0          0          0         92   _printf_dec.o
         6          0          0          0          0          0   _printf_e.o
         6          0          0          0          0          0   _printf_f.o
      1046          0          0          0          0        216   _printf_fp_dec.o
       128         16          0          0          0         84   _printf_fp_infnan.o
         6          0          0          0          0          0   _printf_g.o
       148          4         40          0          0        160   _printf_hex_int_ll_ptr.o
         6          0          0          0          0          0   _printf_i.o
       178          0          0          0          0         88   _printf_intcommon.o
        10          0          0          0          0          0   _printf_l.o
         6          0          0          0          0          0   _printf_lc.o
        10          0          0          0          0          0   _printf_ll.o
         6          0          0          0          0          0   _printf_lld.o
         6          0          0          0          0          0   _printf_lli.o
         6          0          0          0          0          0   _printf_llo.o
         6          0          0          0          0          0   _printf_llu.o
         6          0          0          0          0          0   _printf_llx.o
       120         16          0          0          0         92   _printf_longlong_dec.o
         6          0          0          0          0          0   _printf_ls.o
         6          0          0          0          0          0   _printf_n.o
         6          0          0          0          0          0   _printf_o.o
       112          8          0          0          0        124   _printf_oct_int_ll.o
         6          0          0          0          0          0   _printf_p.o
        78          0          0          0          0        108   _printf_pad.o
         0          0          0          0          0          0   _printf_percent.o
         4          0          0          0          0          0   _printf_percent_end.o
         6          0          0          0          0          0   _printf_s.o
        82          0          0          0          0         80   _printf_str.o
        36          0          0          0          0         84   _printf_truncate.o
         6          0          0          0          0          0   _printf_u.o
        44          0          0          0          0        108   _printf_wchar.o
       188          6          8          0          0         92   _printf_wctomb.o
         6          0          0          0          0          0   _printf_x.o
        10          0          0          0          0         68   _sputc.o
        64          0          0          0          0         92   _wcrtomb.o
       216          4        148          0          0         96   bigflt0.o
      1910        128          0          0          0        672   btod.o
        36          4          0          0          0         76   c89vsprintf.o
        12          0          0          0          0         72   exit.o
         8          0          0          0          0         68   ferror.o
         6          0          0          0          0        152   heapauxi.o
        44         10        272          0          0         76   lc_ctype_c.o
        44         10         28          0          0         76   lc_numeric_c.o
         2          0          0          0          0          0   libinit.o
        34          0          0          0          0          0   libinit2.o
         2          0          0          0          0          0   libshutdown.o
         2          0          0          0          0          0   libshutdown2.o
         8          4          0          0         96         68   libspace.o
       138          0          0          0          0         80   lludiv10.o
        16          4          0          0          0         76   rt_ctype_table.o
         8          4          0          0          0         68   rt_locale_intlibspace.o
         0          0          0          0          0          0   rtentry.o
        12          0          0          0          0          0   rtentry2.o
         6          0          0          0          0          0   rtentry4.o
         2          0          0          0          0          0   rtexit.o
        10          0          0          0          0          0   rtexit2.o
       128          0          0          0          0         68   strcmpv7m.o
        62          0          0          0          0         76   strlen.o
        74          0          0          0          0         80   sys_stackheap_outer.o
         2          0          0          0          0         68   use_no_semi.o
         2          0          0          0          0         68   use_no_semi_2.o
        10          0          0          0          0        116   fpinit.o
         4          0          0          0          0        116   printf1.o
         0          0          0          0          0          0   usenofp.o
        48          0          0          0          0        124   fpclassify.o

    ----------------------------------------------------------------------
      6126        260        514          0         96       4448   Library Totals
        10          0          1          0          0          0   (incl. Padding)

    ----------------------------------------------------------------------

      Code (inc. data)   RO Data    RW Data    ZI Data      Debug   Library Name

      6054        260        513          0         96       4092   c_w.l
        14          0          0          0          0        232   fz_wm.l
        48          0          0          0          0        124   m_wm.l

    ----------------------------------------------------------------------
      6126        260        514          0         96       4448   Library Totals

    ----------------------------------------------------------------------

==============================================================================


      Code (inc. data)   RO Data    RW Data    ZI Data      Debug   

     31082       2202       7118        344       1736     523930   Grand Totals
     31082       2202       7118         88       1736     523930   ELF Image Totals (compressed)
     31082       2202       7118         88          0          0   ROM Totals

==============================================================================

    Total RO  Size (Code + RO Data)                38200 (  37.30kB)
    Total RW  Size (RW Data + ZI Data)              2080 (   2.03kB)
    Total ROM Size (Code + RO Data + RW Data)      38288 (  37.39kB)

==============================================================================

