<html>
<body>
<pre>
<h1>礦ision Build Log</h1>
<h2>Project:</h2>
D:\@@Project\循迹小车-stm32f4\USER\TEST.uvproj
Project File Date:  01/21/2016

<h2>Output:</h2>
Build target 'Target 1'
compiling test.c...
test.c(21): warning:  #69-D: integer conversion resulted in truncation
        u8 outfudu =300;
test.c(22): warning:  #69-D: integer conversion resulted in truncation
        u8 chixufudu= 300;
test.c(57): warning:  #223-D: function "car_right_s" declared implicitly
                        case 4: car_right_s(200); last_state = 4; break;//100
test.c(59): warning:  #223-D: function "car_left_s" declared implicitly
                        case 1: car_left_s(200); last_state = 1; break;//001
test.c(67): warning:  #223-D: function "car_right_back" declared implicitly
                                                                                car_right_back();
test.c(79): warning:  #223-D: function "car_left_back" declared implicitly
                                                                                car_left_back();chixu++;
test.c(96): warning:  #128-D: loop is not reachable
        while(1) 
test.c: 7 warnings, 0 errors
linking...
Program Size: Code=31082 RO-data=7118 RW-data=344 ZI-data=1736  
FromELF: creating hex file...
"..\OBJ\TEST.axf" - 0 Error(s), 7 Warning(s).
Load "..\\OBJ\\TEST.axf" 
Set JLink Project File to "D:\@@Project\循迹小车-stm32f4\USER\JLinkSettings.ini"
* JLink Info: Device "STM32F407ZG" selected (1024 KB flash, 128 KB RAM).
 
JLink info:
------------
DLL: V4.80g, compiled Feb 13 2014 20:50:02
Firmware: J-Link ARM V8 compiled Nov 28 2014 13:44:46
Hardware: V8.00
S/N : 20121127 
Feature(s) : RDI,FlashDL,FlashBP,JFlash,GDBFULL 
 
* JLink Info: Found SWD-DP with ID 0x2BA01477
* JLink Info: Found SWD-DP with ID 0x2BA01477
* JLink Info: Found Cortex-M4 r0p1, Little endian.
* JLink Info: FPUnit: 6 code (BP) slots and 2 literal slots
* JLink Info: TPIU fitted.
* JLink Info: ETM fitted.
ROMTableAddr = 0xE00FF003
 
Target info:
------------
Device: STM32F407ZG
VTarget = 3.274V
State of Pins: 
TCK: 0, TDI: 1, TDO: 1, TMS: 1, TRES: 1, TRST: 1
Hardware-Breakpoints: 6
Software-Breakpoints: 8192
Watchpoints:          4
JTAG speed: 4000 kHz
 
Erase Done.
Programming Done.
Verify OK.
Application running ...
</pre>
</body>
</html>
 with ID 0x2BA01477
* JLink Info: Found Cortex-M4 r0p1, Little endian.
* JLink Info: FPUnit: 6 code (BP) slots and 2 literal slots
* JLink Info: TPIU fitted.
* JLink Info: ETM fitted.
ROMTableAddr = 0xE00FF003
 
Target info:
------------
Device: STM32F407ZG
VTarget = 3.267V
State of Pins: 
TCK: 0, TDI: 1, TDO: 1, TMS: 1, TRES: 1, TRST: 1
Hardware-Breakpoints: 6
Software-Breakpoints: 8192
Watchpoints:          4
JTAG speed: 4000 kHz
 
Erase Done.
Programming Done.
Verify OK.
Application running ...
der reset.
* JLink Info: STM32F2xxx/STM32F4xxx: Can not attach to CPU. Trying connect under reset.
Programming Failed!
Error: Flash Download failed  -  "Cortex-M4"
Load "..\\OBJ\\TEST.axf" 
Set JLink Project File to "D:\@@Project\循迹小车-stm32f4\USER\JLinkSettings.ini"
* JLink Info: Device "STM32F407ZG" selected (1024 KB flash, 128 KB RAM).
 
JLink info:
------------
DLL: V4.80g, compiled Feb 13 2014 20:50:02
Firmware: J-Link ARM V8 compiled Nov 28 2014 13:44:46
Hardware: V8.00
S/N : 20121127 
Feature(s) : RDI,FlashDL,FlashBP,JFlash,GDBFULL 
 
* JLink Info: Found SWD-DP with ID 0x2BA01477
* JLink Info: Found SWD-DP with ID 0x2BA01477
* JLink Info: Found Cortex-M4 r0p1, Little endian.
* JLink Info: FPUnit: 6 code (BP) slots and 2 literal slots
* JLink Info: TPIU fitted.
* JLink Info: ETM fitted.
ROMTableAddr = 0xE00FF003
 
Target info:
------------
Device: STM32F407ZG
VTarget = 3.267V
State of Pins: 
TCK: 0, TDI: 1, TDO: 1, TMS: 1, TRES: 1, TRST: 1
Hardware-Breakpoints: 6
Software-Breakpoints: 8192
Watchpoints:          4
JTAG speed: 4000 kHz
 
Erase Done.
Programming Done.
Verify OK.
Application running ...
